Archive member included to satisfy reference by file (symbol)

c:/siliconlabs/simplicitystudio/v5/developer/toolchains/gnu_arm/12.2.rel1_2023.7/bin/../lib/gcc/arm-none-eabi/12.2.1/thumb/v8-m.main+fp/hard\libgcc.a(_aeabi_ldivmod.o)
                              ./gecko_sdk_4.4.1/platform/emlib/src/em_usart.o (__aeabi_ldivmod)
c:/siliconlabs/simplicitystudio/v5/developer/toolchains/gnu_arm/12.2.rel1_2023.7/bin/../lib/gcc/arm-none-eabi/12.2.1/thumb/v8-m.main+fp/hard\libgcc.a(_aeabi_uldivmod.o)
                              ./gecko_sdk_4.4.1/platform/emlib/src/em_usart.o (__aeabi_uldivmod)
c:/siliconlabs/simplicitystudio/v5/developer/toolchains/gnu_arm/12.2.rel1_2023.7/bin/../lib/gcc/arm-none-eabi/12.2.1/thumb/v8-m.main+fp/hard\libgcc.a(_udivmoddi4.o)
                              c:/siliconlabs/simplicitystudio/v5/developer/toolchains/gnu_arm/12.2.rel1_2023.7/bin/../lib/gcc/arm-none-eabi/12.2.1/thumb/v8-m.main+fp/hard\libgcc.a(_aeabi_ldivmod.o) (__udivmoddi4)
c:/siliconlabs/simplicitystudio/v5/developer/toolchains/gnu_arm/12.2.rel1_2023.7/bin/../lib/gcc/arm-none-eabi/12.2.1/thumb/v8-m.main+fp/hard\libgcc.a(_dvmd_tls.o)
                              c:/siliconlabs/simplicitystudio/v5/developer/toolchains/gnu_arm/12.2.rel1_2023.7/bin/../lib/gcc/arm-none-eabi/12.2.1/thumb/v8-m.main+fp/hard\libgcc.a(_aeabi_ldivmod.o) (__aeabi_ldiv0)
c:/siliconlabs/simplicitystudio/v5/developer/toolchains/gnu_arm/12.2.rel1_2023.7/bin/../lib/gcc/arm-none-eabi/12.2.1/thumb/v8-m.main+fp/hard\libc_nano.a(libc_a-exit.o)
                              c:/siliconlabs/simplicitystudio/v5/developer/toolchains/gnu_arm/12.2.rel1_2023.7/bin/../lib/gcc/arm-none-eabi/12.2.1/thumb/v8-m.main+fp/hard/crt0.o (exit)
c:/siliconlabs/simplicitystudio/v5/developer/toolchains/gnu_arm/12.2.rel1_2023.7/bin/../lib/gcc/arm-none-eabi/12.2.1/thumb/v8-m.main+fp/hard\libc_nano.a(libc_a-malloc.o)
                              ./SRC/MEM/mem.o (malloc)
c:/siliconlabs/simplicitystudio/v5/developer/toolchains/gnu_arm/12.2.rel1_2023.7/bin/../lib/gcc/arm-none-eabi/12.2.1/thumb/v8-m.main+fp/hard\libc_nano.a(libc_a-mallocr.o)
                              c:/siliconlabs/simplicitystudio/v5/developer/toolchains/gnu_arm/12.2.rel1_2023.7/bin/../lib/gcc/arm-none-eabi/12.2.1/thumb/v8-m.main+fp/hard\libc_nano.a(libc_a-malloc.o) (_malloc_r)
c:/siliconlabs/simplicitystudio/v5/developer/toolchains/gnu_arm/12.2.rel1_2023.7/bin/../lib/gcc/arm-none-eabi/12.2.1/thumb/v8-m.main+fp/hard\libc_nano.a(libc_a-mlock.o)
                              c:/siliconlabs/simplicitystudio/v5/developer/toolchains/gnu_arm/12.2.rel1_2023.7/bin/../lib/gcc/arm-none-eabi/12.2.1/thumb/v8-m.main+fp/hard\libc_nano.a(libc_a-mallocr.o) (__malloc_lock)
c:/siliconlabs/simplicitystudio/v5/developer/toolchains/gnu_arm/12.2.rel1_2023.7/bin/../lib/gcc/arm-none-eabi/12.2.1/thumb/v8-m.main+fp/hard\libc_nano.a(libc_a-findfp.o)
                              c:/siliconlabs/simplicitystudio/v5/developer/toolchains/gnu_arm/12.2.rel1_2023.7/bin/../lib/gcc/arm-none-eabi/12.2.1/thumb/v8-m.main+fp/hard\libc_nano.a(libc_a-exit.o) (__stdio_exit_handler)
c:/siliconlabs/simplicitystudio/v5/developer/toolchains/gnu_arm/12.2.rel1_2023.7/bin/../lib/gcc/arm-none-eabi/12.2.1/thumb/v8-m.main+fp/hard\libc_nano.a(libc_a-fwalk.o)
                              c:/siliconlabs/simplicitystudio/v5/developer/toolchains/gnu_arm/12.2.rel1_2023.7/bin/../lib/gcc/arm-none-eabi/12.2.1/thumb/v8-m.main+fp/hard\libc_nano.a(libc_a-findfp.o) (_fwalk_sglue)
c:/siliconlabs/simplicitystudio/v5/developer/toolchains/gnu_arm/12.2.rel1_2023.7/bin/../lib/gcc/arm-none-eabi/12.2.1/thumb/v8-m.main+fp/hard\libc_nano.a(libc_a-stdio.o)
                              c:/siliconlabs/simplicitystudio/v5/developer/toolchains/gnu_arm/12.2.rel1_2023.7/bin/../lib/gcc/arm-none-eabi/12.2.1/thumb/v8-m.main+fp/hard\libc_nano.a(libc_a-findfp.o) (__sread)
c:/siliconlabs/simplicitystudio/v5/developer/toolchains/gnu_arm/12.2.rel1_2023.7/bin/../lib/gcc/arm-none-eabi/12.2.1/thumb/v8-m.main+fp/hard\libc_nano.a(libc_a-memset.o)
                              c:/siliconlabs/simplicitystudio/v5/developer/toolchains/gnu_arm/12.2.rel1_2023.7/bin/../lib/gcc/arm-none-eabi/12.2.1/thumb/v8-m.main+fp/hard/crt0.o (memset)
c:/siliconlabs/simplicitystudio/v5/developer/toolchains/gnu_arm/12.2.rel1_2023.7/bin/../lib/gcc/arm-none-eabi/12.2.1/thumb/v8-m.main+fp/hard\libc_nano.a(libc_a-closer.o)
                              c:/siliconlabs/simplicitystudio/v5/developer/toolchains/gnu_arm/12.2.rel1_2023.7/bin/../lib/gcc/arm-none-eabi/12.2.1/thumb/v8-m.main+fp/hard\libc_nano.a(libc_a-stdio.o) (_close_r)
c:/siliconlabs/simplicitystudio/v5/developer/toolchains/gnu_arm/12.2.rel1_2023.7/bin/../lib/gcc/arm-none-eabi/12.2.1/thumb/v8-m.main+fp/hard\libc_nano.a(libc_a-reent.o)
                              c:/siliconlabs/simplicitystudio/v5/developer/toolchains/gnu_arm/12.2.rel1_2023.7/bin/../lib/gcc/arm-none-eabi/12.2.1/thumb/v8-m.main+fp/hard\libc_nano.a(libc_a-closer.o) (errno)
[...]
Memory Configuration

Name             Origin             Length             Attributes
FLASH            0x00000000         0x0007e000         xr
RAM              0x20000000         0x00008000         xrw
*default*        0x00000000         0xffffffff

Linker script and memory map

LOAD c:/siliconlabs/simplicitystudio/v5/developer/toolchains/gnu_arm/12.2.rel1_2023.7/bin/../lib/gcc/arm-none-eabi/12.2.1/thumb/v8-m.main+fp/hard/crti.o
LOAD c:/siliconlabs/simplicitystudio/v5/developer/toolchains/gnu_arm/12.2.rel1_2023.7/bin/../lib/gcc/arm-none-eabi/12.2.1/thumb/v8-m.main+fp/hard/crtbegin.o
LOAD c:/siliconlabs/simplicitystudio/v5/developer/toolchains/gnu_arm/12.2.rel1_2023.7/bin/../lib/gcc/arm-none-eabi/12.2.1/thumb/v8-m.main+fp/hard/crt0.o
START GROUP
LOAD ./SRC/MEM/mem.o
LOAD ./SRC/app.o
LOAD ./SRC/bootloader.o
LOAD ./SRC/crc32.o
LOAD ./SRC/main.o
LOAD ./autogen/sl_device_init_clocks.o
LOAD ./autogen/sl_event_handler.o
LOAD ./gecko_sdk_4.4.1/platform/Device/SiliconLabs/BGM22/Source/startup_bgm22.o
LOAD ./gecko_sdk_4.4.1/platform/Device/SiliconLabs/BGM22/Source/system_bgm22.o
LOAD ./gecko_sdk_4.4.1/platform/common/src/sl_assert.o
LOAD ./gecko_sdk_4.4.1/platform/common/src/sl_syscalls.o
LOAD ./gecko_sdk_4.4.1/platform/common/toolchain/src/sl_memory.o
LOAD ./gecko_sdk_4.4.1/platform/emlib/src/em_cmu.o
LOAD ./gecko_sdk_4.4.1/platform/emlib/src/em_core.o
LOAD ./gecko_sdk_4.4.1/platform/emlib/src/em_emu.o
LOAD ./gecko_sdk_4.4.1/platform/emlib/src/em_gpio.o
LOAD ./gecko_sdk_4.4.1/platform/emlib/src/em_msc.o
LOAD ./gecko_sdk_4.4.1/platform/emlib/src/em_system.o
LOAD ./gecko_sdk_4.4.1/platform/emlib/src/em_usart.o
LOAD ./gecko_sdk_4.4.1/platform/service/device_init/src/sl_device_init_dcdc_s2.o
LOAD ./gecko_sdk_4.4.1/platform/service/device_init/src/sl_device_init_emu_s2.o
LOAD ./gecko_sdk_4.4.1/platform/service/device_init/src/sl_device_init_hfxo_s2.o
LOAD ./gecko_sdk_4.4.1/platform/service/device_init/src/sl_device_init_nvic.o
LOAD ./gecko_sdk_4.4.1/platform/service/system/src/sl_system_init.o
LOAD ./gecko_sdk_4.4.1/platform/service/system/src/sl_system_process_action.o
LOAD c:/siliconlabs/simplicitystudio/v5/developer/toolchains/gnu_arm/12.2.rel1_2023.7/bin/../lib/gcc/arm-none-eabi/12.2.1/thumb/v8-m.main+fp/hard\libgcc.a
LOAD c:/siliconlabs/simplicitystudio/v5/developer/toolchains/gnu_arm/12.2.rel1_2023.7/bin/../lib/gcc/arm-none-eabi/12.2.1/thumb/v8-m.main+fp/hard\libc_nano.a
LOAD c:/siliconlabs/simplicitystudio/v5/developer/toolchains/gnu_arm/12.2.rel1_2023.7/bin/../lib/gcc/arm-none-eabi/12.2.1/thumb/v8-m.main+fp/hard\libm.a
LOAD c:/siliconlabs/simplicitystudio/v5/developer/toolchains/gnu_arm/12.2.rel1_2023.7/bin/../lib/gcc/arm-none-eabi/12.2.1/thumb/v8-m.main+fp/hard\libnosys.a
END GROUP
START GROUP
LOAD c:/siliconlabs/simplicitystudio/v5/developer/toolchains/gnu_arm/12.2.rel1_2023.7/bin/../lib/gcc/arm-none-eabi/12.2.1/thumb/v8-m.main+fp/hard\libgcc.a
LOAD c:/siliconlabs/simplicitystudio/v5/developer/toolchains/gnu_arm/12.2.rel1_2023.7/bin/../lib/gcc/arm-none-eabi/12.2.1/thumb/v8-m.main+fp/hard\libc_nano.a
LOAD c:/siliconlabs/simplicitystudio/v5/developer/toolchains/gnu_arm/12.2.rel1_2023.7/bin/../lib/gcc/arm-none-eabi/12.2.1/thumb/v8-m.main+fp/hard\libnosys.a
END GROUP
START GROUP
LOAD c:/siliconlabs/simplicitystudio/v5/developer/toolchains/gnu_arm/12.2.rel1_2023.7/bin/../lib/gcc/arm-none-eabi/12.2.1/thumb/v8-m.main+fp/hard\libgcc.a
LOAD c:/siliconlabs/simplicitystudio/v5/developer/toolchains/gnu_arm/12.2.rel1_2023.7/bin/../lib/gcc/arm-none-eabi/12.2.1/thumb/v8-m.main+fp/hard\libg_nano.a
LOAD c:/siliconlabs/simplicitystudio/v5/developer/toolchains/gnu_arm/12.2.rel1_2023.7/bin/../lib/gcc/arm-none-eabi/12.2.1/thumb/v8-m.main+fp/hard\libc_nano.a
END GROUP
START GROUP
LOAD c:/siliconlabs/simplicitystudio/v5/developer/toolchains/gnu_arm/12.2.rel1_2023.7/bin/../lib/gcc/arm-none-eabi/12.2.1/thumb/v8-m.main+fp/hard\libgcc.a
LOAD c:/siliconlabs/simplicitystudio/v5/developer/toolchains/gnu_arm/12.2.rel1_2023.7/bin/../lib/gcc/arm-none-eabi/12.2.1/thumb/v8-m.main+fp/hard\libc_nano.a
END GROUP
LOAD c:/siliconlabs/simplicitystudio/v5/developer/toolchains/gnu_arm/12.2.rel1_2023.7/bin/../lib/gcc/arm-none-eabi/12.2.1/thumb/v8-m.main+fp/hard/crtend.o
LOAD c:/siliconlabs/simplicitystudio/v5/developer/toolchains/gnu_arm/12.2.rel1_2023.7/bin/../lib/gcc/arm-none-eabi/12.2.1/thumb/v8-m.main+fp/hard/crtn.o

.text           0x00000000     0x14a0
                0x00000000                linker_vectors_begin = .
 *(.vectors)
 .vectors       0x00000000      0x140 ./gecko_sdk_4.4.1/platform/Device/SiliconLabs/BGM22/Source/startup_bgm22.o
                0x00000000                __Vectors
                0x00000140                linker_vectors_end = .
                0x00000140                __Vectors_End = .
                0x00000140                __Vectors_Size = (__Vectors_End - __Vectors)
                0x00000140                linker_code_begin = .
 *(SORT_BY_ALIGNMENT(.text*))
 .text.deregister_tm_clones
                0x00000140       0x1c c:/siliconlabs/simplicitystudio/v5/developer/toolchains/gnu_arm/12.2.rel1_2023.7/bin/../lib/gcc/arm-none-eabi/12.2.1/thumb/v8-m.main+fp/hard/crtbegin.o
 .text.register_tm_clones
                0x0000015c       0x28 c:/siliconlabs/simplicitystudio/v5/developer/toolchains/gnu_arm/12.2.rel1_2023.7/bin/../lib/gcc/arm-none-eabi/12.2.1/thumb/v8-m.main+fp/hard/crtbegin.o
 .text.__do_global_dtors_aux
                0x00000184       0x28 c:/siliconlabs/simplicitystudio/v5/developer/toolchains/gnu_arm/12.2.rel1_2023.7/bin/../lib/gcc/arm-none-eabi/12.2.1/thumb/v8-m.main+fp/hard/crtbegin.o
 .text.frame_dummy
                0x000001ac       0x24 c:/siliconlabs/simplicitystudio/v5/developer/toolchains/gnu_arm/12.2.rel1_2023.7/bin/../lib/gcc/arm-none-eabi/12.2.1/thumb/v8-m.main+fp/hard/crtbegin.o
 .text          0x000001d0       0x7c c:/siliconlabs/simplicitystudio/v5/developer/toolchains/gnu_arm/12.2.rel1_2023.7/bin/../lib/gcc/arm-none-eabi/12.2.1/thumb/v8-m.main+fp/hard/crt0.o
                0x000001d0                _stack_init
                0x000001d8                _start
                0x000001d8                _mainCRTStartup
 .text.crc32BuffCalc
                0x0000024c       0x30 ./SRC/crc32.o
                0x0000024c                crc32BuffCalc
 .text.sl_device_init_clocks
                0x0000027c       0x9c ./autogen/sl_device_init_clocks.o
                0x0000027c                sl_device_init_clocks
 .text.sl_platform_init
                0x00000318       0x4c ./autogen/sl_event_handler.o
                0x00000318                sl_platform_init
 .text.CopyRamFuncs
                0x00000364       0x1c ./gecko_sdk_4.4.1/platform/Device/SiliconLabs/BGM22/Source/startup_bgm22.o
                0x00000364                CopyRamFuncs
 .text.Reset_Handler
                0x00000380       0x64 ./gecko_sdk_4.4.1/platform/Device/SiliconLabs/BGM22/Source/startup_bgm22.o
                0x00000380                Reset_Handler
 .text.SystemInit
                0x000003e4       0x64 ./gecko_sdk_4.4.1/platform/Device/SiliconLabs/BGM22/Source/system_bgm22.o
                0x000003e4                SystemInit
 .text.SystemHFRCODPLLClockGet
                0x00000448        0xc ./gecko_sdk_4.4.1/platform/Device/SiliconLabs/BGM22/Source/system_bgm22.o
                0x00000448                SystemHFRCODPLLClockGet
 .text.SystemSYSCLKGet
                0x00000454       0x34 ./gecko_sdk_4.4.1/platform/Device/SiliconLabs/BGM22/Source/system_bgm22.o
                0x00000454                SystemSYSCLKGet
 .text.SystemHCLKGet
                0x00000488       0x24 ./gecko_sdk_4.4.1/platform/Device/SiliconLabs/BGM22/Source/system_bgm22.o
                0x00000488                SystemHCLKGet
 .text.SystemMaxCoreClockGet
                0x000004ac        0x8 ./gecko_sdk_4.4.1/platform/Device/SiliconLabs/BGM22/Source/system_bgm22.o
                0x000004ac                SystemMaxCoreClockGet
 .text.SystemHFXOClockGet
                0x000004b4        0xc ./gecko_sdk_4.4.1/platform/Device/SiliconLabs/BGM22/Source/system_bgm22.o
                0x000004b4                SystemHFXOClockGet
 .text.SystemHFXOClockSet
                0x000004c0       0x20 ./gecko_sdk_4.4.1/platform/Device/SiliconLabs/BGM22/Source/system_bgm22.o
                0x000004c0                SystemHFXOClockSet
 .text.SystemFSRCOClockGet
                0x000004e0        0x8 ./gecko_sdk_4.4.1/platform/Device/SiliconLabs/BGM22/Source/system_bgm22.o
                0x000004e0                SystemFSRCOClockGet
 .text.SystemLFXOClockGet
                0x000004e8        0xc ./gecko_sdk_4.4.1/platform/Device/SiliconLabs/BGM22/Source/system_bgm22.o
                0x000004e8                SystemLFXOClockGet
 .text.EMU_VScaleGet
                0x000004f4       0x18 ./gecko_sdk_4.4.1/platform/emlib/src/em_cmu.o
 .text.em01GrpaClkGet
                0x0000050c       0x48 ./gecko_sdk_4.4.1/platform/emlib/src/em_cmu.o
 .text.iadcClkGet
                0x00000554       0x54 ./gecko_sdk_4.4.1/platform/emlib/src/em_cmu.o
 .text.em01GrpbClkGet
                0x000005a8       0x74 ./gecko_sdk_4.4.1/platform/emlib/src/em_cmu.o
 .text.em23GrpaClkGet
                0x0000061c       0x48 ./gecko_sdk_4.4.1/platform/emlib/src/em_cmu.o
 .text.wdog0ClkGet
                0x00000664       0x64 ./gecko_sdk_4.4.1/platform/emlib/src/em_cmu.o
 .text.rtccClkGet
                0x000006c8       0x54 ./gecko_sdk_4.4.1/platform/emlib/src/em_cmu.o
 .text.em4GrpaClkGet
                0x0000071c       0x48 ./gecko_sdk_4.4.1/platform/emlib/src/em_cmu.o
 .text.euart0ClkGet
                0x00000764       0x48 ./gecko_sdk_4.4.1/platform/emlib/src/em_cmu.o
 .text.CMU_ClockDivGet
                0x000007ac       0x84 ./gecko_sdk_4.4.1/platform/emlib/src/em_cmu.o
                0x000007ac                CMU_ClockDivGet
 .text.flashWaitStateControl
                0x00000830       0x4c ./gecko_sdk_4.4.1/platform/emlib/src/em_cmu.o
 .text.CMU_ClockFreqGet
                0x0000087c      0x198 ./gecko_sdk_4.4.1/platform/emlib/src/em_cmu.o
                0x0000087c                CMU_ClockFreqGet
 .text.rhclkPrescOptimize
                0x00000a14       0x20 ./gecko_sdk_4.4.1/platform/emlib/src/em_cmu.o
 .text.CMU_ClockSelectGet
                0x00000a34      0x168 ./gecko_sdk_4.4.1/platform/emlib/src/em_cmu.o
                0x00000a34                CMU_ClockSelectGet
 .text.sli_em_cmu_HFXOSetForceEnable
                0x00000b9c       0x18 ./gecko_sdk_4.4.1/platform/emlib/src/em_cmu.o
                0x00000b9c                sli_em_cmu_HFXOSetForceEnable
 .text.CMU_HFXOInit
                0x00000bb4      0x1dc ./gecko_sdk_4.4.1/platform/emlib/src/em_cmu.o
                0x00000bb4                CMU_HFXOInit
 .text.CMU_HFXOCTuneDeltaGet
                0x00000d90        0xc ./gecko_sdk_4.4.1/platform/emlib/src/em_cmu.o
                0x00000d90                CMU_HFXOCTuneDeltaGet
 .text.CMU_HFXOPrecisionSet
                0x00000d9c        0xc ./gecko_sdk_4.4.1/platform/emlib/src/em_cmu.o
                0x00000d9c                CMU_HFXOPrecisionSet
 .text.CMU_ClockDivSet
                0x00000da8      0x104 ./gecko_sdk_4.4.1/platform/emlib/src/em_cmu.o
                0x00000da8                CMU_ClockDivSet
 .text.sli_em_cmu_SYSCLKInitPreClockSelect
                0x00000eac       0x20 ./gecko_sdk_4.4.1/platform/emlib/src/em_cmu.o
                0x00000eac                sli_em_cmu_SYSCLKInitPreClockSelect
 .text.pclkDivOptimize
                0x00000ecc       0x24 ./gecko_sdk_4.4.1/platform/emlib/src/em_cmu.o
 .text.EMU_EM4Init
                0x00000ef0       0x14 ./gecko_sdk_4.4.1/platform/emlib/src/em_emu.o
                0x00000ef0                EMU_EM4Init
 .text.EMU_VScaleEM01
                0x00000f04       0xa8 ./gecko_sdk_4.4.1/platform/emlib/src/em_emu.o
                0x00000f04                EMU_VScaleEM01
 .text.EMU_VScaleEM01ByClock
                0x00000fac       0x30 ./gecko_sdk_4.4.1/platform/emlib/src/em_emu.o
                0x00000fac                EMU_VScaleEM01ByClock
 .text.EMU_DCDCModeSet
                0x00000fdc       0xb8 ./gecko_sdk_4.4.1/platform/emlib/src/em_emu.o
                0x00000fdc                EMU_DCDCModeSet
 .text.EMU_DCDCInit
                0x00001094       0x74 ./gecko_sdk_4.4.1/platform/emlib/src/em_emu.o
                0x00001094                EMU_DCDCInit
 .text.MSC_Init
                0x00001108       0x20 ./gecko_sdk_4.4.1/platform/emlib/src/em_msc.o
                0x00001108                MSC_Init
 .text.SYSTEM_GetProdRev
                0x00001128       0x10 ./gecko_sdk_4.4.1/platform/emlib/src/em_system.o
                0x00001128                SYSTEM_GetProdRev
 .text.sl_device_init_dcdc
                0x00001138       0x20 ./gecko_sdk_4.4.1/platform/service/device_init/src/sl_device_init_dcdc_s2.o
                0x00001138                sl_device_init_dcdc
 .text.sl_device_init_emu
                0x00001158       0x24 ./gecko_sdk_4.4.1/platform/service/device_init/src/sl_device_init_emu_s2.o
                0x00001158                sl_device_init_emu
 .text.sl_device_init_hfxo
                0x0000117c       0x74 ./gecko_sdk_4.4.1/platform/service/device_init/src/sl_device_init_hfxo_s2.o
                0x0000117c                sl_device_init_hfxo
 .text.sl_device_init_nvic
                0x000011f0       0x3c ./gecko_sdk_4.4.1/platform/service/device_init/src/sl_device_init_nvic.o
                0x000011f0                sl_device_init_nvic
 .text.exit     0x0000122c       0x24 c:/siliconlabs/simplicitystudio/v5/developer/toolchains/gnu_arm/12.2.rel1_2023.7/bin/../lib/gcc/arm-none-eabi/12.2.1/thumb/v8-m.main+fp/hard\libc_nano.a(libc_a-exit.o)
                0x0000122c                exit
 .text.__libc_init_array
                0x00001250       0x48 c:/siliconlabs/simplicitystudio/v5/developer/toolchains/gnu_arm/12.2.rel1_2023.7/bin/../lib/gcc/arm-none-eabi/12.2.1/thumb/v8-m.main+fp/hard\libc_nano.a(libc_a-init.o)
                0x00001250                __libc_init_array
 .text.startup.main
                0x00001298       0x12 ./SRC/main.o
                0x00001298                main
 .text.sl_driver_init
                0x000012aa        0x2 ./autogen/sl_event_handler.o
                0x000012aa                sl_driver_init
 .text.sl_service_init
                0x000012ac        0x2 ./autogen/sl_event_handler.o
                0x000012ac                sl_service_init
 .text.sl_stack_init
                0x000012ae        0x2 ./autogen/sl_event_handler.o
                0x000012ae                sl_stack_init
 .text.sl_internal_app_init
                0x000012b0        0x2 ./autogen/sl_event_handler.o
                0x000012b0                sl_internal_app_init
 .text.Default_Handler
                0x000012b2        0x2 ./gecko_sdk_4.4.1/platform/Device/SiliconLabs/BGM22/Source/startup_bgm22.o
                0x000012b2                ULFRCO_IRQHandler
                0x000012b2                SW2_IRQHandler
                0x000012b2                TIMER2_IRQHandler
                0x000012b2                DebugMon_Handler
                0x000012b2                PKE_IRQHandler
                0x000012b2                USART0_TX_IRQHandler
                0x000012b2                PRORTC_IRQHandler
                0x000012b2                IADC_IRQHandler
                0x000012b2                I2C0_IRQHandler
                0x000012b2                LFXO_IRQHandler
                0x000012b2                CRYPTOACC_IRQHandler
                0x000012b2                HardFault_Handler
                0x000012b2                SMU_SECURE_IRQHandler
                0x000012b2                SysTick_Handler
                0x000012b2                USART1_RX_IRQHandler
                0x000012b2                EMUEFP_IRQHandler
                0x000012b2                PendSV_Handler
                0x000012b2                NMI_Handler
                0x000012b2                SYNTH_IRQHandler
                0x000012b2                HFXO0_IRQHandler
                0x000012b2                I2C1_IRQHandler
                0x000012b2                PDM_IRQHandler
                0x000012b2                WDOG0_IRQHandler
                0x000012b2                TIMER3_IRQHandler
                0x000012b2                SYSCFG_IRQHandler
                0x000012b2                EMUSE_IRQHandler
                0x000012b2                EMUDG_IRQHandler
                0x000012b2                USART1_TX_IRQHandler
                0x000012b2                MSC_IRQHandler
                0x000012b2                DPLL0_IRQHandler
                0x000012b2                UsageFault_Handler
                0x000012b2                M33CTI1_IRQHandler
                0x000012b2                TIMER4_IRQHandler
                0x000012b2                GPIO_EVEN_IRQHandler
                0x000012b2                LDMA_IRQHandler
                0x000012b2                SW0_IRQHandler
                0x000012b2                TIMER0_IRQHandler
                0x000012b2                LETIMER0_IRQHandler
                0x000012b2                TIMER1_IRQHandler
                0x000012b2                HFRCO0_IRQHandler
                0x000012b2                RFSENSE_IRQHandler
                0x000012b2                SecureFault_Handler
                0x000012b2                BUFC_IRQHandler
                0x000012b2                DCDC_IRQHandler
                0x000012b2                MODEM_IRQHandler
                0x000012b2                Default_Handler
                0x000012b2                RAC_SEQ_IRQHandler
                0x000012b2                FRC_PRI_IRQHandler
                0x000012b2                EMU_IRQHandler
                0x000012b2                SW3_IRQHandler
                0x000012b2                KERNEL0_IRQHandler
                0x000012b2                FRC_IRQHandler
                0x000012b2                KERNEL1_IRQHandler
                0x000012b2                AGC_IRQHandler
                0x000012b2                sl_app_properties
                0x000012b2                BURTC_IRQHandler
                0x000012b2                LFRCO_IRQHandler
                0x000012b2                USART0_RX_IRQHandler
                0x000012b2                MemManage_Handler
                0x000012b2                RDMAILBOX_IRQHandler
                0x000012b2                SVC_Handler
                0x000012b2                RTCC_IRQHandler
                0x000012b2                SMU_S_PRIVILEGED_IRQHandler
                0x000012b2                SW1_IRQHandler
                0x000012b2                CMU_IRQHandler
                0x000012b2                RAC_RSM_IRQHandler
                0x000012b2                EUART0_TX_IRQHandler
                0x000012b2                EUART0_RX_IRQHandler
                0x000012b2                GPIO_ODD_IRQHandler
                0x000012b2                AES_IRQHandler
                0x000012b2                M33CTI0_IRQHandler
                0x000012b2                ICACHE0_IRQHandler
                0x000012b2                SMU_NS_PRIVILEGED_IRQHandler
                0x000012b2                PROTIMER_IRQHandler
                0x000012b2                BusFault_Handler
                0x000012b2                TRNG_IRQHandler
 .text.FlashToRamCopy
                0x000012b4       0x16 ./gecko_sdk_4.4.1/platform/Device/SiliconLabs/BGM22/Source/system_bgm22.o
                0x000012b4                FlashToRamCopy
 .text.SystemCLKIN0Get
                0x000012ca        0x4 ./gecko_sdk_4.4.1/platform/Device/SiliconLabs/BGM22/Source/system_bgm22.o
                0x000012ca                SystemCLKIN0Get
 .text.SystemLFRCOClockGet
                0x000012ce        0x6 ./gecko_sdk_4.4.1/platform/Device/SiliconLabs/BGM22/Source/system_bgm22.o
                0x000012ce                SystemLFRCOClockGet
 .text.SystemULFRCOClockGet
                0x000012d4        0x6 ./gecko_sdk_4.4.1/platform/Device/SiliconLabs/BGM22/Source/system_bgm22.o
                0x000012d4                SystemULFRCOClockGet
 .text.assertEFM
                0x000012da        0x2 ./gecko_sdk_4.4.1/platform/common/src/sl_assert.o
                0x000012da                assertEFM
 .text._exit    0x000012dc        0x2 ./gecko_sdk_4.4.1/platform/common/src/sl_syscalls.o
                0x000012dc                _exit
 .text.waitStateMax
                0x000012de       0x10 ./gecko_sdk_4.4.1/platform/emlib/src/em_cmu.o
 .text.CMU_UpdateWaitStates
                0x000012ee        0xc ./gecko_sdk_4.4.1/platform/emlib/src/em_cmu.o
                0x000012ee                CMU_UpdateWaitStates
 .text.pclkDivMax
                0x000012fa        0xa ./gecko_sdk_4.4.1/platform/emlib/src/em_cmu.o
 .text.sli_em_cmu_SYSCLKInitPostClockSelect
                0x00001304       0x2a ./gecko_sdk_4.4.1/platform/emlib/src/em_cmu.o
                0x00001304                sli_em_cmu_SYSCLKInitPostClockSelect
 .text.CORE_EnterCritical
                0x0000132e        0x8 ./gecko_sdk_4.4.1/platform/emlib/src/em_core.o
                0x0000132e                CORE_EnterCritical
 .text.CORE_ExitCritical
                0x00001336        0x6 ./gecko_sdk_4.4.1/platform/emlib/src/em_core.o
                0x00001336                CORE_ExitCritical
 .text.EMU_EFPEM01VScale
                0x0000133c        0x2 ./gecko_sdk_4.4.1/platform/emlib/src/em_emu.o
                0x0000133c                EMU_EFPEM01VScale
 .text.EMU_DCDCUpdatedHook
                0x0000133e        0x2 ./gecko_sdk_4.4.1/platform/emlib/src/em_emu.o
                0x0000133e                EMU_DCDCUpdatedHook
 .text.sl_system_init
                0x00001340       0x1a ./gecko_sdk_4.4.1/platform/service/system/src/sl_system_init.o
                0x00001340                sl_system_init
 .text.memset   0x0000135a       0x10 c:/siliconlabs/simplicitystudio/v5/developer/toolchains/gnu_arm/12.2.rel1_2023.7/bin/../lib/gcc/arm-none-eabi/12.2.1/thumb/v8-m.main+fp/hard\libc_nano.a(libc_a-memset.o)
                0x0000135a                memset
 .text.memcpy   0x0000136a       0x1a c:/siliconlabs/simplicitystudio/v5/developer/toolchains/gnu_arm/12.2.rel1_2023.7/bin/../lib/gcc/arm-none-eabi/12.2.1/thumb/v8-m.main+fp/hard\libc_nano.a(libc_a-memcpy-stub.o)
                0x0000136a                memcpy
                0x000013a0                . = ALIGN (0x20)
 *fill*         0x00001384       0x1c 
                0x000013a0                linker_code_end = .
 *(.init)
 .init          0x000013a0        0x4 c:/siliconlabs/simplicitystudio/v5/developer/toolchains/gnu_arm/12.2.rel1_2023.7/bin/../lib/gcc/arm-none-eabi/12.2.1/thumb/v8-m.main+fp/hard/crti.o
                0x000013a0                _init
 .init          0x000013a4        0x8 c:/siliconlabs/simplicitystudio/v5/developer/toolchains/gnu_arm/12.2.rel1_2023.7/bin/../lib/gcc/arm-none-eabi/12.2.1/thumb/v8-m.main+fp/hard/crtn.o
 *(.fini)
 .fini          0x000013ac        0x4 c:/siliconlabs/simplicitystudio/v5/developer/toolchains/gnu_arm/12.2.rel1_2023.7/bin/../lib/gcc/arm-none-eabi/12.2.1/thumb/v8-m.main+fp/hard/crti.o
                0x000013ac                _fini
 .fini          0x000013b0        0x8 c:/siliconlabs/simplicitystudio/v5/developer/toolchains/gnu_arm/12.2.rel1_2023.7/bin/../lib/gcc/arm-none-eabi/12.2.1/thumb/v8-m.main+fp/hard/crtn.o
 *crtbegin.o(.ctors)
 *crtbegin?.o(.ctors)
 *(EXCLUDE_FILE(*crtend.o *crtend?.o) .ctors)
 *(SORT_BY_NAME(.ctors.*))
 *(.ctors)
 *crtbegin.o(.dtors)
 *crtbegin?.o(.dtors)
 *(EXCLUDE_FILE(*crtend.o *crtend?.o) .dtors)
 *(SORT_BY_NAME(.dtors.*))
 *(.dtors)
                0x000013b8                __code_classification_validator_start__ = .
                0x000013d8                . = (. + 0x20)
 *fill*         0x000013b8       0x20 
 *(code_classification_validator)
                0x000013e0                . = ALIGN (0x20)
 *fill*         0x000013d8        0x8 
                0x000013e0                __code_classification_validator_end__ = .
 *(.rodata*)
 .rodata.HFRCODPLLDevinfoGet.str1.1
                0x000013e0       0x2f ./gecko_sdk_4.4.1/platform/emlib/src/em_cmu.o
 .rodata.EMU_VScaleEM01.str1.1
                0x0000140f       0x2f ./gecko_sdk_4.4.1/platform/emlib/src/em_emu.o
 .rodata.str1.1
                0x0000143e       0x2f ./gecko_sdk_4.4.1/platform/emlib/src/em_msc.o
 .rodata        0x0000146d        0x8 ./gecko_sdk_4.4.1/platform/service/device_init/src/sl_device_init_dcdc_s2.o
 *fill*         0x00001475        0x3 
 .rodata        0x00001478       0x28 ./gecko_sdk_4.4.1/platform/service/device_init/src/sl_device_init_hfxo_s2.o
 *(.eh_frame*)
 .eh_frame      0x000014a0        0x0 c:/siliconlabs/simplicitystudio/v5/developer/toolchains/gnu_arm/12.2.rel1_2023.7/bin/../lib/gcc/arm-none-eabi/12.2.1/thumb/v8-m.main+fp/hard/crtbegin.o

.glue_7         0x000014a0        0x0
 .glue_7        0x000014a0        0x0 linker stubs

.glue_7t        0x000014a0        0x0
 .glue_7t       0x000014a0        0x0 linker stubs

.vfp11_veneer   0x000014a0        0x0
 .vfp11_veneer  0x000014a0        0x0 linker stubs

.v4_bx          0x000014a0        0x0
 .v4_bx         0x000014a0        0x0 linker stubs

.iplt           0x000014a0        0x0
 .iplt          0x000014a0        0x0 c:/siliconlabs/simplicitystudio/v5/developer/toolchains/gnu_arm/12.2.rel1_2023.7/bin/../lib/gcc/arm-none-eabi/12.2.1/thumb/v8-m.main+fp/hard/crtbegin.o

.myBootSection  0x000014a0      0x110
 .myBootSection
                0x000014a0      0x100 ./SRC/bootloader.o
                0x000014a0                mainImageCopy
                0x000014ec                mainNewFwUpgradeImageCheck
                0x000014fc                Bootloader
                0x0000159c                bootloaderPrint
 .myBootSection.__stub
                0x000015a0       0x10 linker stubs

.ARM.extab
 *(.ARM.extab* .gnu.linkonce.armextab.*)
                0x000015b0                __exidx_start = .

.ARM.exidx      0x000015b0        0x8
 *(.ARM.exidx* .gnu.linkonce.armexidx.*)
 .ARM.exidx     0x000015b0        0x8 c:/siliconlabs/simplicitystudio/v5/developer/toolchains/gnu_arm/12.2.rel1_2023.7/bin/../lib/gcc/arm-none-eabi/12.2.1/thumb/v8-m.main+fp/hard/crt0.o
                                 0x10 (size before relaxing)
                0x000015b8                __exidx_end = .

.rel.dyn        0x000015b8        0x0
 .rel.iplt      0x000015b8        0x0 c:/siliconlabs/simplicitystudio/v5/developer/toolchains/gnu_arm/12.2.rel1_2023.7/bin/../lib/gcc/arm-none-eabi/12.2.1/thumb/v8-m.main+fp/hard/crtbegin.o

.copy.table     0x000015b8        0xc
                0x000015b8                . = ALIGN (0x4)
                0x000015b8                __copy_table_start__ = .
                0x000015b8        0x4 LONG 0x15c4 __etext
                0x000015bc        0x4 LONG 0x20001000 __data_start__
                0x000015c0        0x4 LONG 0x84 ((__data_end__ - __data_start__) / 0x4)
                0x000015c4                __copy_table_end__ = .

.zero.table     0x000015c4        0x0
                0x000015c4                . = ALIGN (0x4)
                0x000015c4                __zero_table_start__ = .
                0x000015c4                __zero_table_end__ = .
                0x000015c4                __etext = .
                0x20000000                . = ORIGIN (RAM)

.stack          0x20000000     0x1000
                0x20000000                __StackLimit = .
 *(.stack*)
 .stack         0x20000000     0x1000 ./gecko_sdk_4.4.1/platform/common/toolchain/src/sl_memory.o
                0x20001000                . = ALIGN (0x4)
                0x20001000                __StackTop = .
                0x20001000                PROVIDE (__stack = __StackTop)

.noinit
 *(.noinit*)

.data           0x20001000      0x210 load address 0x000015c4
                0x20001000                . = ALIGN (0x4)
                0x20001000                __data_start__ = .
 *(vtable)
 *(SORT_BY_ALIGNMENT(.data*))
 .data.SystemCoreClock
                0x20001000        0x4 ./gecko_sdk_4.4.1/platform/Device/SiliconLabs/BGM22/Source/system_bgm22.o
                0x20001000                SystemCoreClock
 .data.SystemHFRCODPLLClock
                0x20001004        0x4 ./gecko_sdk_4.4.1/platform/Device/SiliconLabs/BGM22/Source/system_bgm22.o
 .data.SystemLFXOClock
                0x20001008        0x4 ./gecko_sdk_4.4.1/platform/Device/SiliconLabs/BGM22/Source/system_bgm22.o
 .data.SystemHFXOClock
                0x2000100c        0x4 ./gecko_sdk_4.4.1/platform/Device/SiliconLabs/BGM22/Source/system_bgm22.o
 .data.hfxo_precision
                0x20001010        0x2 ./gecko_sdk_4.4.1/platform/emlib/src/em_cmu.o
                0x20001014                . = ALIGN (0x4)
 *fill*         0x20001012        0x2 
                [!provide]                PROVIDE (__ram_func_section_start = .)
 *(.ram)
 .ram           0x20001014      0x1e8 ./gecko_sdk_4.4.1/platform/emlib/src/em_msc.o
                0x20001014                mscStatusWait
                0x20001068                MSC_MassErase
                0x200010a4                MSC_ErasePage
                0x2000110c                writeBurst
                0x20001160                MSC_WriteWord
 *fill*         0x200011fc        0x4 
 .ram.__stub    0x20001200        0x8 linker stubs
                [!provide]                PROVIDE (__ram_func_section_end = .)
                0x20001208                . = ALIGN (0x4)
                0x20001208                PROVIDE (__preinit_array_start = .)
 *(.preinit_array)
                0x20001208                PROVIDE (__preinit_array_end = .)
                0x20001208                . = ALIGN (0x4)
                0x20001208                PROVIDE (__init_array_start = .)
 *(SORT_BY_NAME(.init_array.*))
 *(.init_array)
 .init_array    0x20001208        0x4 c:/siliconlabs/simplicitystudio/v5/developer/toolchains/gnu_arm/12.2.rel1_2023.7/bin/../lib/gcc/arm-none-eabi/12.2.1/thumb/v8-m.main+fp/hard/crtbegin.o
                0x2000120c                PROVIDE (__init_array_end = .)
                0x2000120c                . = ALIGN (0x4)
                [!provide]                PROVIDE (__fini_array_start = .)
 *(SORT_BY_NAME(.fini_array.*))
 *(.fini_array)
 .fini_array    0x2000120c        0x4 c:/siliconlabs/simplicitystudio/v5/developer/toolchains/gnu_arm/12.2.rel1_2023.7/bin/../lib/gcc/arm-none-eabi/12.2.1/thumb/v8-m.main+fp/hard/crtbegin.o
                [!provide]                PROVIDE (__fini_array_end = .)
                0x20001210                . = ALIGN (0x4)
                0x20001210                __data_end__ = .

.tm_clone_table
                0x20001210        0x0 load address 0x000017d4
 .tm_clone_table
                0x20001210        0x0 c:/siliconlabs/simplicitystudio/v5/developer/toolchains/gnu_arm/12.2.rel1_2023.7/bin/../lib/gcc/arm-none-eabi/12.2.1/thumb/v8-m.main+fp/hard/crtbegin.o
 .tm_clone_table
                0x20001210        0x0 c:/siliconlabs/simplicitystudio/v5/developer/toolchains/gnu_arm/12.2.rel1_2023.7/bin/../lib/gcc/arm-none-eabi/12.2.1/thumb/v8-m.main+fp/hard/crtend.o

.igot.plt       0x20001210        0x0 load address 0x000017d4
 .igot.plt      0x20001210        0x0 c:/siliconlabs/simplicitystudio/v5/developer/toolchains/gnu_arm/12.2.rel1_2023.7/bin/../lib/gcc/arm-none-eabi/12.2.1/thumb/v8-m.main+fp/hard/crtbegin.o

.bss            0x20001210       0x40 load address 0x000017d4
                0x20001210                . = ALIGN (0x4)
                0x20001210                __bss_start__ = .
 *(SORT_BY_ALIGNMENT(.bss*))
 .bss.object.0  0x20001210       0x18 c:/siliconlabs/simplicitystudio/v5/developer/toolchains/gnu_arm/12.2.rel1_2023.7/bin/../lib/gcc/arm-none-eabi/12.2.1/thumb/v8-m.main+fp/hard/crtbegin.o
 .bss.OtaImageStructure
                0x20001228       0x20 ./SRC/bootloader.o
                0x20001228                OtaImageStructure
 .bss.__stdio_exit_handler
                0x20001248        0x4 c:/siliconlabs/simplicitystudio/v5/developer/toolchains/gnu_arm/12.2.rel1_2023.7/bin/../lib/gcc/arm-none-eabi/12.2.1/thumb/v8-m.main+fp/hard\libc_nano.a(libc_a-findfp.o)
                0x20001248                __stdio_exit_handler
 .bss.completed.1
                0x2000124c        0x1 c:/siliconlabs/simplicitystudio/v5/developer/toolchains/gnu_arm/12.2.rel1_2023.7/bin/../lib/gcc/arm-none-eabi/12.2.1/thumb/v8-m.main+fp/hard/crtbegin.o
 .bss.ctuneDelta
                0x2000124d        0x1 ./gecko_sdk_4.4.1/platform/emlib/src/em_cmu.o
 .bss.vScaleEM01Config
                0x2000124e        0x1 ./gecko_sdk_4.4.1/platform/emlib/src/em_emu.o
 *(COMMON)
                0x20001250                . = ALIGN (0x4)
 *fill*         0x2000124f        0x1 
                0x20001250                __bss_end__ = .
                0x20001250                __ramfuncs_start__ = .
                0x20001250                __vma_ramfuncs_start__ = .
                0x000017d4                __lma_ramfuncs_start__ = (__etext + SIZEOF (.data))
                0x00000000                __text_application_ram_offset__ = (. - __vma_ramfuncs_start__)

text_application_ram
                0x20001250        0x0 load address 0x000017d4
                0x20001250                . = ALIGN (0x4)
                0x20001250                __text_application_ram_start__ = .
 *(text_application_ram)
                0x20001250                . = ALIGN (0x4)
                0x20001250                __text_application_ram_end__ = .
                0x20001250                . = ALIGN (0x4)
                0x20001250                __vma_ramfuncs_end__ = .
                0x000017d4                __lma_ramfuncs_end__ = ((__lma_ramfuncs_start__ + __text_application_ram_offset__) + SIZEOF (text_application_ram))
                0x20001250                __ramfuncs_end__ = .

.heap           0x20001250      0x800
                0x20001250                __HeapBase = .
                0x20001250                __end__ = .
                0x20001250                end = __end__
                0x20001250                _end = __end__
 *(.heap*)
 .heap          0x20001250      0x800 ./gecko_sdk_4.4.1/platform/common/toolchain/src/sl_memory.o
                0x20008000                __HeapLimit = (ORIGIN (RAM) + LENGTH (RAM))
                0x00006db0                __heap_size = (__HeapLimit - __HeapBase)
                0x20008000                __ram_end__ = 0x20008000
                0x0007e000                __main_flash_end__ = 0x7e000

.internal_storage
 *(.internal_storage*)

.nvm
 *(.simee*)
                0x0007e000                linker_nvm_end = __main_flash_end__
                0x0007e000                linker_nvm_begin = (linker_nvm_end - SIZEOF (.nvm))
                0x00000000                linker_nvm_size = SIZEOF (.nvm)
                0x0007e000                linker_storage_end = linker_nvm_begin
                0x0007e000                __nvm3Base = linker_nvm_begin
                0x0007e000                linker_storage_begin = (linker_storage_end - SIZEOF (.internal_storage))
                0x00000000                linker_storage_size = SIZEOF (.internal_storage)
                0x00000001                ASSERT ((linker_storage_begin >= (__etext + SIZEOF (.data))), FLASH memory overflowed !)
OUTPUT(GreazlyBootloaderProject.axf elf32-littlearm)
LOAD linker stubs

.ARM.attributes
                0x00000000       0x36
 .ARM.attributes
                0x00000000       0x26 c:/siliconlabs/simplicitystudio/v5/developer/toolchains/gnu_arm/12.2.rel1_2023.7/bin/../lib/gcc/arm-none-eabi/12.2.1/thumb/v8-m.main+fp/hard/crti.o
 .ARM.attributes
                0x00000026       0x38 c:/siliconlabs/simplicitystudio/v5/developer/toolchains/gnu_arm/12.2.rel1_2023.7/bin/../lib/gcc/arm-none-eabi/12.2.1/thumb/v8-m.main+fp/hard/crtbegin.o
 .ARM.attributes
                0x0000005e       0x24 c:/siliconlabs/simplicitystudio/v5/developer/toolchains/gnu_arm/12.2.rel1_2023.7/bin/../lib/gcc/arm-none-eabi/12.2.1/thumb/v8-m.main+fp/hard/crt0.o
 .ARM.attributes
                0x00000082       0x3a ./SRC/bootloader.o
 .ARM.attributes
                0x000000bc       0x3a ./SRC/crc32.o
 .ARM.attributes
                0x000000f6       0x3a ./SRC/main.o
 .ARM.attributes
                0x00000130       0x3a ./autogen/sl_device_init_clocks.o
 .ARM.attributes
                0x0000016a       0x3a ./autogen/sl_event_handler.o
 .ARM.attributes
                0x000001a4       0x3a ./gecko_sdk_4.4.1/platform/Device/SiliconLabs/BGM22/Source/startup_bgm22.o
 .ARM.attributes
                0x000001de       0x3a ./gecko_sdk_4.4.1/platform/Device/SiliconLabs/BGM22/Source/system_bgm22.o
 .ARM.attributes
                0x00000218       0x3a ./gecko_sdk_4.4.1/platform/common/src/sl_assert.o
 .ARM.attributes
                0x00000252       0x3a ./gecko_sdk_4.4.1/platform/common/src/sl_syscalls.o
 .ARM.attributes
                0x0000028c       0x3a ./gecko_sdk_4.4.1/platform/common/toolchain/src/sl_memory.o
 .ARM.attributes
                0x000002c6       0x3a ./gecko_sdk_4.4.1/platform/emlib/src/em_cmu.o
 .ARM.attributes
                0x00000300       0x3a ./gecko_sdk_4.4.1/platform/emlib/src/em_core.o
 .ARM.attributes
                0x0000033a       0x3a ./gecko_sdk_4.4.1/platform/emlib/src/em_emu.o
 .ARM.attributes
                0x00000374       0x3a ./gecko_sdk_4.4.1/platform/emlib/src/em_msc.o
 .ARM.attributes
                0x000003ae       0x3a ./gecko_sdk_4.4.1/platform/emlib/src/em_system.o
 .ARM.attributes
                0x000003e8       0x3a ./gecko_sdk_4.4.1/platform/service/device_init/src/sl_device_init_dcdc_s2.o
 .ARM.attributes
                0x00000422       0x3a ./gecko_sdk_4.4.1/platform/service/device_init/src/sl_device_init_emu_s2.o
 .ARM.attributes
                0x0000045c       0x3a ./gecko_sdk_4.4.1/platform/service/device_init/src/sl_device_init_hfxo_s2.o
 .ARM.attributes
                0x00000496       0x3a ./gecko_sdk_4.4.1/platform/service/device_init/src/sl_device_init_nvic.o
 .ARM.attributes
                0x000004d0       0x3a ./gecko_sdk_4.4.1/platform/service/system/src/sl_system_init.o
 .ARM.attributes
                0x0000050a       0x38 c:/siliconlabs/simplicitystudio/v5/developer/toolchains/gnu_arm/12.2.rel1_2023.7/bin/../lib/gcc/arm-none-eabi/12.2.1/thumb/v8-m.main+fp/hard\libc_nano.a(libc_a-exit.o)
 .ARM.attributes
                0x00000542       0x38 c:/siliconlabs/simplicitystudio/v5/developer/toolchains/gnu_arm/12.2.rel1_2023.7/bin/../lib/gcc/arm-none-eabi/12.2.1/thumb/v8-m.main+fp/hard\libc_nano.a(libc_a-findfp.o)
 .ARM.attributes
                0x0000057a       0x38 c:/siliconlabs/simplicitystudio/v5/developer/toolchains/gnu_arm/12.2.rel1_2023.7/bin/../lib/gcc/arm-none-eabi/12.2.1/thumb/v8-m.main+fp/hard\libc_nano.a(libc_a-memset.o)
 .ARM.attributes
                0x000005b2       0x38 c:/siliconlabs/simplicitystudio/v5/developer/toolchains/gnu_arm/12.2.rel1_2023.7/bin/../lib/gcc/arm-none-eabi/12.2.1/thumb/v8-m.main+fp/hard\libc_nano.a(libc_a-init.o)
 .ARM.attributes
                0x000005ea       0x38 c:/siliconlabs/simplicitystudio/v5/developer/toolchains/gnu_arm/12.2.rel1_2023.7/bin/../lib/gcc/arm-none-eabi/12.2.1/thumb/v8-m.main+fp/hard\libc_nano.a(libc_a-memcpy-stub.o)
 .ARM.attributes
                0x00000622       0x38 c:/siliconlabs/simplicitystudio/v5/developer/toolchains/gnu_arm/12.2.rel1_2023.7/bin/../lib/gcc/arm-none-eabi/12.2.1/thumb/v8-m.main+fp/hard/crtend.o
 .ARM.attributes
                0x0000065a       0x26 c:/siliconlabs/simplicitystudio/v5/developer/toolchains/gnu_arm/12.2.rel1_2023.7/bin/../lib/gcc/arm-none-eabi/12.2.1/thumb/v8-m.main+fp/hard/crtn.o

.comment        0x00000000       0x45
 .comment       0x00000000       0x45 ./SRC/bootloader.o
                                 0x46 (size before relaxing)
 .comment       0x00000045       0x46 ./SRC/crc32.o
 .comment       0x00000045       0x46 ./SRC/main.o
 .comment       0x00000045       0x46 ./autogen/sl_device_init_clocks.o
 .comment       0x00000045       0x46 ./autogen/sl_event_handler.o
 .comment       0x00000045       0x46 ./gecko_sdk_4.4.1/platform/Device/SiliconLabs/BGM22/Source/startup_bgm22.o
 .comment       0x00000045       0x46 ./gecko_sdk_4.4.1/platform/Device/SiliconLabs/BGM22/Source/system_bgm22.o
 .comment       0x00000045       0x46 ./gecko_sdk_4.4.1/platform/common/src/sl_assert.o
 .comment       0x00000045       0x46 ./gecko_sdk_4.4.1/platform/common/src/sl_syscalls.o
 .comment       0x00000045       0x46 ./gecko_sdk_4.4.1/platform/common/toolchain/src/sl_memory.o
 .comment       0x00000045       0x46 ./gecko_sdk_4.4.1/platform/emlib/src/em_cmu.o
 .comment       0x00000045       0x46 ./gecko_sdk_4.4.1/platform/emlib/src/em_core.o
 .comment       0x00000045       0x46 ./gecko_sdk_4.4.1/platform/emlib/src/em_emu.o
 .comment       0x00000045       0x46 ./gecko_sdk_4.4.1/platform/emlib/src/em_msc.o
 .comment       0x00000045       0x46 ./gecko_sdk_4.4.1/platform/emlib/src/em_system.o
 .comment       0x00000045       0x46 ./gecko_sdk_4.4.1/platform/service/device_init/src/sl_device_init_dcdc_s2.o
 .comment       0x00000045       0x46 ./gecko_sdk_4.4.1/platform/service/device_init/src/sl_device_init_emu_s2.o
 .comment       0x00000045       0x46 ./gecko_sdk_4.4.1/platform/service/device_init/src/sl_device_init_hfxo_s2.o
 .comment       0x00000045       0x46 ./gecko_sdk_4.4.1/platform/service/device_init/src/sl_device_init_nvic.o
 .comment       0x00000045       0x46 ./gecko_sdk_4.4.1/platform/service/system/src/sl_system_init.o

.debug_line_str
                0x00000000       0xe7
 .debug_line_str
                0x00000000       0xe7 c:/siliconlabs/simplicitystudio/v5/developer/toolchains/gnu_arm/12.2.rel1_2023.7/bin/../lib/gcc/arm-none-eabi/12.2.1/thumb/v8-m.main+fp/hard/crt0.o

.debug_info     0x00000000    0x18985
 .debug_info    0x00000000     0x1037 ./SRC/bootloader.o
 .debug_info    0x00001037      0x24c ./SRC/crc32.o
 .debug_info    0x00001283      0x11a ./SRC/main.o
 .debug_info    0x0000139d     0x11e8 ./autogen/sl_device_init_clocks.o
 .debug_info    0x00002585      0xe38 ./autogen/sl_event_handler.o
 .debug_info    0x000033bd      0x3a9 ./gecko_sdk_4.4.1/platform/Device/SiliconLabs/BGM22/Source/startup_bgm22.o
 .debug_info    0x00003766     0x201d ./gecko_sdk_4.4.1/platform/Device/SiliconLabs/BGM22/Source/system_bgm22.o
 .debug_info    0x00005783       0x86 ./gecko_sdk_4.4.1/platform/common/src/sl_assert.o
 .debug_info    0x00005809      0x306 ./gecko_sdk_4.4.1/platform/common/src/sl_syscalls.o
 .debug_info    0x00005b0f      0x205 ./gecko_sdk_4.4.1/platform/common/toolchain/src/sl_memory.o
 .debug_info    0x00005d14     0x78d0 ./gecko_sdk_4.4.1/platform/emlib/src/em_cmu.o
 .debug_info    0x0000d5e4     0x13b2 ./gecko_sdk_4.4.1/platform/emlib/src/em_core.o
 .debug_info    0x0000e996     0x3b0f ./gecko_sdk_4.4.1/platform/emlib/src/em_emu.o
 .debug_info    0x000124a5     0x2bbb ./gecko_sdk_4.4.1/platform/emlib/src/em_msc.o
 .debug_info    0x00015060     0x1b6a ./gecko_sdk_4.4.1/platform/emlib/src/em_system.o
 .debug_info    0x00016bca      0x2c7 ./gecko_sdk_4.4.1/platform/service/device_init/src/sl_device_init_dcdc_s2.o
 .debug_info    0x00016e91      0x9b5 ./gecko_sdk_4.4.1/platform/service/device_init/src/sl_device_init_emu_s2.o
 .debug_info    0x00017846      0x899 ./gecko_sdk_4.4.1/platform/service/device_init/src/sl_device_init_hfxo_s2.o
 .debug_info    0x000180df      0x7ff ./gecko_sdk_4.4.1/platform/service/device_init/src/sl_device_init_nvic.o
 .debug_info    0x000188de       0xa7 ./gecko_sdk_4.4.1/platform/service/system/src/sl_system_init.o

.debug_abbrev   0x00000000     0x2850
 .debug_abbrev  0x00000000      0x2cf ./SRC/bootloader.o
 .debug_abbrev  0x000002cf       0xf8 ./SRC/crc32.o
 .debug_abbrev  0x000003c7       0xb3 ./SRC/main.o
 .debug_abbrev  0x0000047a       0xde ./autogen/sl_device_init_clocks.o
 .debug_abbrev  0x00000558      0x17a ./autogen/sl_event_handler.o
 .debug_abbrev  0x000006d2      0x22e ./gecko_sdk_4.4.1/platform/Device/SiliconLabs/BGM22/Source/startup_bgm22.o
 .debug_abbrev  0x00000900      0x34d ./gecko_sdk_4.4.1/platform/Device/SiliconLabs/BGM22/Source/system_bgm22.o
 .debug_abbrev  0x00000c4d       0x6c ./gecko_sdk_4.4.1/platform/common/src/sl_assert.o
 .debug_abbrev  0x00000cb9      0x143 ./gecko_sdk_4.4.1/platform/common/src/sl_syscalls.o
 .debug_abbrev  0x00000dfc      0x11e ./gecko_sdk_4.4.1/platform/common/toolchain/src/sl_memory.o
 .debug_abbrev  0x00000f1a      0x5cf ./gecko_sdk_4.4.1/platform/emlib/src/em_cmu.o
 .debug_abbrev  0x000014e9      0x32f ./gecko_sdk_4.4.1/platform/emlib/src/em_core.o
 .debug_abbrev  0x00001818      0x523 ./gecko_sdk_4.4.1/platform/emlib/src/em_emu.o
 .debug_abbrev  0x00001d3b      0x2f1 ./gecko_sdk_4.4.1/platform/emlib/src/em_msc.o
 .debug_abbrev  0x0000202c      0x2a6 ./gecko_sdk_4.4.1/platform/emlib/src/em_system.o
 .debug_abbrev  0x000022d2       0xf8 ./gecko_sdk_4.4.1/platform/service/device_init/src/sl_device_init_dcdc_s2.o
 .debug_abbrev  0x000023ca      0x149 ./gecko_sdk_4.4.1/platform/service/device_init/src/sl_device_init_emu_s2.o
 .debug_abbrev  0x00002513      0x196 ./gecko_sdk_4.4.1/platform/service/device_init/src/sl_device_init_hfxo_s2.o
 .debug_abbrev  0x000026a9      0x14b ./gecko_sdk_4.4.1/platform/service/device_init/src/sl_device_init_nvic.o
 .debug_abbrev  0x000027f4       0x5c ./gecko_sdk_4.4.1/platform/service/system/src/sl_system_init.o

.debug_loc      0x00000000     0x5f53
 .debug_loc     0x00000000      0x1db ./SRC/bootloader.o
 .debug_loc     0x000001db      0x273 ./SRC/crc32.o
 .debug_loc     0x0000044e       0x20 ./SRC/main.o
 .debug_loc     0x0000046e       0x20 ./autogen/sl_device_init_clocks.o
 .debug_loc     0x0000048e       0x49 ./autogen/sl_event_handler.o
 .debug_loc     0x000004d7       0x8e ./gecko_sdk_4.4.1/platform/Device/SiliconLabs/BGM22/Source/startup_bgm22.o
 .debug_loc     0x00000565      0x22a ./gecko_sdk_4.4.1/platform/Device/SiliconLabs/BGM22/Source/system_bgm22.o
 .debug_loc     0x0000078f       0x2a ./gecko_sdk_4.4.1/platform/common/src/sl_assert.o
 .debug_loc     0x000007b9      0x118 ./gecko_sdk_4.4.1/platform/common/src/sl_syscalls.o
 .debug_loc     0x000008d1       0xa9 ./gecko_sdk_4.4.1/platform/common/toolchain/src/sl_memory.o
 .debug_loc     0x0000097a     0x382a ./gecko_sdk_4.4.1/platform/emlib/src/em_cmu.o
 .debug_loc     0x000041a4      0x926 ./gecko_sdk_4.4.1/platform/emlib/src/em_core.o
 .debug_loc     0x00004aca      0x950 ./gecko_sdk_4.4.1/platform/emlib/src/em_emu.o
 .debug_loc     0x0000541a      0x839 ./gecko_sdk_4.4.1/platform/emlib/src/em_msc.o
 .debug_loc     0x00005c53      0x146 ./gecko_sdk_4.4.1/platform/emlib/src/em_system.o
 .debug_loc     0x00005d99       0x2c ./gecko_sdk_4.4.1/platform/service/device_init/src/sl_device_init_dcdc_s2.o
 .debug_loc     0x00005dc5       0x2c ./gecko_sdk_4.4.1/platform/service/device_init/src/sl_device_init_emu_s2.o
 .debug_loc     0x00005df1       0xbd ./gecko_sdk_4.4.1/platform/service/device_init/src/sl_device_init_hfxo_s2.o
 .debug_loc     0x00005eae       0x79 ./gecko_sdk_4.4.1/platform/service/device_init/src/sl_device_init_nvic.o
 .debug_loc     0x00005f27       0x2c ./gecko_sdk_4.4.1/platform/service/system/src/sl_system_init.o

.debug_aranges  0x00000000      0x7d0
 .debug_aranges
                0x00000000       0x38 ./SRC/bootloader.o
 .debug_aranges
                0x00000038       0x30 ./SRC/crc32.o
 .debug_aranges
                0x00000068       0x20 ./SRC/main.o
 .debug_aranges
                0x00000088       0x20 ./autogen/sl_device_init_clocks.o
 .debug_aranges
                0x000000a8       0x60 ./autogen/sl_event_handler.o
 .debug_aranges
                0x00000108       0x30 ./gecko_sdk_4.4.1/platform/Device/SiliconLabs/BGM22/Source/startup_bgm22.o
 .debug_aranges
                0x00000138       0x90 ./gecko_sdk_4.4.1/platform/Device/SiliconLabs/BGM22/Source/system_bgm22.o
 .debug_aranges
                0x000001c8       0x20 ./gecko_sdk_4.4.1/platform/common/src/sl_assert.o
 .debug_aranges
                0x000001e8       0x68 ./gecko_sdk_4.4.1/platform/common/src/sl_syscalls.o
 .debug_aranges
                0x00000250       0x30 ./gecko_sdk_4.4.1/platform/common/toolchain/src/sl_memory.o
 .debug_aranges
                0x00000280      0x1b8 ./gecko_sdk_4.4.1/platform/emlib/src/em_cmu.o
 .debug_aranges
                0x00000438       0xe8 ./gecko_sdk_4.4.1/platform/emlib/src/em_core.o
 .debug_aranges
                0x00000520      0x130 ./gecko_sdk_4.4.1/platform/emlib/src/em_emu.o
 .debug_aranges
                0x00000650       0x68 ./gecko_sdk_4.4.1/platform/emlib/src/em_msc.o
 .debug_aranges
                0x000006b8       0x78 ./gecko_sdk_4.4.1/platform/emlib/src/em_system.o
 .debug_aranges
                0x00000730       0x20 ./gecko_sdk_4.4.1/platform/service/device_init/src/sl_device_init_dcdc_s2.o
 .debug_aranges
                0x00000750       0x20 ./gecko_sdk_4.4.1/platform/service/device_init/src/sl_device_init_emu_s2.o
 .debug_aranges
                0x00000770       0x20 ./gecko_sdk_4.4.1/platform/service/device_init/src/sl_device_init_hfxo_s2.o
 .debug_aranges
                0x00000790       0x20 ./gecko_sdk_4.4.1/platform/service/device_init/src/sl_device_init_nvic.o
 .debug_aranges
                0x000007b0       0x20 ./gecko_sdk_4.4.1/platform/service/system/src/sl_system_init.o

.debug_ranges   0x00000000      0xbb0
 .debug_ranges  0x00000000       0x28 ./SRC/bootloader.o
 .debug_ranges  0x00000028       0x20 ./SRC/crc32.o
 .debug_ranges  0x00000048       0x10 ./SRC/main.o
 .debug_ranges  0x00000058       0x10 ./autogen/sl_device_init_clocks.o
 .debug_ranges  0x00000068       0x50 ./autogen/sl_event_handler.o
 .debug_ranges  0x000000b8       0x88 ./gecko_sdk_4.4.1/platform/Device/SiliconLabs/BGM22/Source/startup_bgm22.o
 .debug_ranges  0x00000140       0x98 ./gecko_sdk_4.4.1/platform/Device/SiliconLabs/BGM22/Source/system_bgm22.o
 .debug_ranges  0x000001d8       0x10 ./gecko_sdk_4.4.1/platform/common/src/sl_assert.o
 .debug_ranges  0x000001e8       0x58 ./gecko_sdk_4.4.1/platform/common/src/sl_syscalls.o
 .debug_ranges  0x00000240       0x20 ./gecko_sdk_4.4.1/platform/common/toolchain/src/sl_memory.o
 .debug_ranges  0x00000260      0x338 ./gecko_sdk_4.4.1/platform/emlib/src/em_cmu.o
 .debug_ranges  0x00000598      0x1a0 ./gecko_sdk_4.4.1/platform/emlib/src/em_core.o
 .debug_ranges  0x00000738      0x2b8 ./gecko_sdk_4.4.1/platform/emlib/src/em_emu.o
 .debug_ranges  0x000009f0       0xa8 ./gecko_sdk_4.4.1/platform/emlib/src/em_msc.o
 .debug_ranges  0x00000a98       0x80 ./gecko_sdk_4.4.1/platform/emlib/src/em_system.o
 .debug_ranges  0x00000b18       0x10 ./gecko_sdk_4.4.1/platform/service/device_init/src/sl_device_init_dcdc_s2.o
 .debug_ranges  0x00000b28       0x10 ./gecko_sdk_4.4.1/platform/service/device_init/src/sl_device_init_emu_s2.o
 .debug_ranges  0x00000b38       0x10 ./gecko_sdk_4.4.1/platform/service/device_init/src/sl_device_init_hfxo_s2.o
 .debug_ranges  0x00000b48       0x58 ./gecko_sdk_4.4.1/platform/service/device_init/src/sl_device_init_nvic.o
 .debug_ranges  0x00000ba0       0x10 ./gecko_sdk_4.4.1/platform/service/system/src/sl_system_init.o

.debug_line     0x00000000     0x7b5d
 .debug_line    0x00000000      0x532 ./SRC/bootloader.o
 .debug_line    0x00000532      0x247 ./SRC/crc32.o
 .debug_line    0x00000779      0x22c ./SRC/main.o
 .debug_line    0x000009a5      0x2da ./autogen/sl_device_init_clocks.o
 .debug_line    0x00000c7f      0x477 ./autogen/sl_event_handler.o
 .debug_line    0x000010f6      0x31c ./gecko_sdk_4.4.1/platform/Device/SiliconLabs/BGM22/Source/startup_bgm22.o
 .debug_line    0x00001412      0x57a ./gecko_sdk_4.4.1/platform/Device/SiliconLabs/BGM22/Source/system_bgm22.o
 .debug_line    0x0000198c       0x85 ./gecko_sdk_4.4.1/platform/common/src/sl_assert.o
 .debug_line    0x00001a11      0x185 ./gecko_sdk_4.4.1/platform/common/src/sl_syscalls.o
 .debug_line    0x00001b96      0x2e4 ./gecko_sdk_4.4.1/platform/common/toolchain/src/sl_memory.o
 .debug_line    0x00001e7a     0x297f ./gecko_sdk_4.4.1/platform/emlib/src/em_cmu.o
 .debug_line    0x000047f9      0xa92 ./gecko_sdk_4.4.1/platform/emlib/src/em_core.o
 .debug_line    0x0000528b      0xea8 ./gecko_sdk_4.4.1/platform/emlib/src/em_emu.o
 .debug_line    0x00006133      0x8e8 ./gecko_sdk_4.4.1/platform/emlib/src/em_msc.o
 .debug_line    0x00006a1b      0x4a5 ./gecko_sdk_4.4.1/platform/emlib/src/em_system.o
 .debug_line    0x00006ec0      0x257 ./gecko_sdk_4.4.1/platform/service/device_init/src/sl_device_init_dcdc_s2.o
 .debug_line    0x00007117      0x2ec ./gecko_sdk_4.4.1/platform/service/device_init/src/sl_device_init_emu_s2.o
 .debug_line    0x00007403      0x338 ./gecko_sdk_4.4.1/platform/service/device_init/src/sl_device_init_hfxo_s2.o
 .debug_line    0x0000773b      0x350 ./gecko_sdk_4.4.1/platform/service/device_init/src/sl_device_init_nvic.o
 .debug_line    0x00007a8b       0xd2 ./gecko_sdk_4.4.1/platform/service/system/src/sl_system_init.o

.debug_str      0x00000000     0x5fff
 .debug_str     0x00000000      0x927 ./SRC/bootloader.o
                                0x9fe (size before relaxing)
 .debug_str     0x00000927       0x68 ./SRC/crc32.o
                                0x25e (size before relaxing)
 .debug_str     0x0000098f       0x3f ./SRC/main.o
                                0x220 (size before relaxing)
 .debug_str     0x000009ce      0x725 ./autogen/sl_device_init_clocks.o
                                0xc42 (size before relaxing)
 .debug_str     0x000010f3      0x156 ./autogen/sl_event_handler.o
                                0xc67 (size before relaxing)
 .debug_str     0x00001249      0x1a1 ./gecko_sdk_4.4.1/platform/Device/SiliconLabs/BGM22/Source/startup_bgm22.o
                                0x373 (size before relaxing)
 .debug_str     0x000013ea      0x8d9 ./gecko_sdk_4.4.1/platform/Device/SiliconLabs/BGM22/Source/system_bgm22.o
                               0x1534 (size before relaxing)
 .debug_str     0x00001cc3       0x47 ./gecko_sdk_4.4.1/platform/common/src/sl_assert.o
                                0x17f (size before relaxing)
 .debug_str     0x00001d0a       0x92 ./gecko_sdk_4.4.1/platform/common/src/sl_syscalls.o
                                0x25f (size before relaxing)
 .debug_str     0x00001d9c       0xd7 ./gecko_sdk_4.4.1/platform/common/toolchain/src/sl_memory.o
                                0x2b9 (size before relaxing)
 .debug_str     0x00001e73     0x2585 ./gecko_sdk_4.4.1/platform/emlib/src/em_cmu.o
                               0x359c (size before relaxing)
 .debug_str     0x000043f8      0x325 ./gecko_sdk_4.4.1/platform/emlib/src/em_core.o
                                0xa7d (size before relaxing)
 .debug_str     0x0000471d      0xa11 ./gecko_sdk_4.4.1/platform/emlib/src/em_emu.o
                               0x23d6 (size before relaxing)
 .debug_str     0x0000512e      0x545 ./gecko_sdk_4.4.1/platform/emlib/src/em_msc.o
                               0x16a2 (size before relaxing)
 .debug_str     0x00005673      0x320 ./gecko_sdk_4.4.1/platform/emlib/src/em_system.o
                               0x1391 (size before relaxing)
 .debug_str     0x00005993       0x4d ./gecko_sdk_4.4.1/platform/service/device_init/src/sl_device_init_dcdc_s2.o
                                0x631 (size before relaxing)
 .debug_str     0x000059e0       0x55 ./gecko_sdk_4.4.1/platform/service/device_init/src/sl_device_init_emu_s2.o
                                0x811 (size before relaxing)
 .debug_str     0x00005a35      0x524 ./gecko_sdk_4.4.1/platform/service/device_init/src/sl_device_init_hfxo_s2.o
                                0xbd5 (size before relaxing)
 .debug_str     0x00005f59       0x66 ./gecko_sdk_4.4.1/platform/service/device_init/src/sl_device_init_nvic.o
                                0x773 (size before relaxing)
 .debug_str     0x00005fbf       0x40 ./gecko_sdk_4.4.1/platform/service/system/src/sl_system_init.o
                                0x1d5 (size before relaxing)

.debug_frame    0x00000000     0x1380
 .debug_frame   0x00000000       0x68 ./SRC/bootloader.o
 .debug_frame   0x00000068       0x4c ./SRC/crc32.o
 .debug_frame   0x000000b4       0x28 ./SRC/main.o
 .debug_frame   0x000000dc       0x28 ./autogen/sl_device_init_clocks.o
 .debug_frame   0x00000104       0xac ./autogen/sl_event_handler.o
 .debug_frame   0x000001b0       0x48 ./gecko_sdk_4.4.1/platform/Device/SiliconLabs/BGM22/Source/startup_bgm22.o
 .debug_frame   0x000001f8      0x118 ./gecko_sdk_4.4.1/platform/Device/SiliconLabs/BGM22/Source/system_bgm22.o
 .debug_frame   0x00000310       0x20 ./gecko_sdk_4.4.1/platform/common/src/sl_assert.o
 .debug_frame   0x00000330       0xb0 ./gecko_sdk_4.4.1/platform/common/src/sl_syscalls.o
 .debug_frame   0x000003e0       0x40 ./gecko_sdk_4.4.1/platform/common/toolchain/src/sl_memory.o
 .debug_frame   0x00000420      0x55c ./gecko_sdk_4.4.1/platform/emlib/src/em_cmu.o
 .debug_frame   0x0000097c      0x240 ./gecko_sdk_4.4.1/platform/emlib/src/em_core.o
 .debug_frame   0x00000bbc      0x304 ./gecko_sdk_4.4.1/platform/emlib/src/em_emu.o
 .debug_frame   0x00000ec0      0x12c ./gecko_sdk_4.4.1/platform/emlib/src/em_msc.o
 .debug_frame   0x00000fec       0xd8 ./gecko_sdk_4.4.1/platform/emlib/src/em_system.o
 .debug_frame   0x000010c4       0x28 ./gecko_sdk_4.4.1/platform/service/device_init/src/sl_device_init_dcdc_s2.o
 .debug_frame   0x000010ec       0x2c ./gecko_sdk_4.4.1/platform/service/device_init/src/sl_device_init_emu_s2.o
 .debug_frame   0x00001118       0x34 ./gecko_sdk_4.4.1/platform/service/device_init/src/sl_device_init_hfxo_s2.o
 .debug_frame   0x0000114c       0x28 ./gecko_sdk_4.4.1/platform/service/device_init/src/sl_device_init_nvic.o
 .debug_frame   0x00001174       0x2c ./gecko_sdk_4.4.1/platform/service/system/src/sl_system_init.o
 .debug_frame   0x000011a0       0x28 c:/siliconlabs/simplicitystudio/v5/developer/toolchains/gnu_arm/12.2.rel1_2023.7/bin/../lib/gcc/arm-none-eabi/12.2.1/thumb/v8-m.main+fp/hard\libc_nano.a(libc_a-exit.o)
 .debug_frame   0x000011c8      0x144 c:/siliconlabs/simplicitystudio/v5/developer/toolchains/gnu_arm/12.2.rel1_2023.7/bin/../lib/gcc/arm-none-eabi/12.2.1/thumb/v8-m.main+fp/hard\libc_nano.a(libc_a-findfp.o)
 .debug_frame   0x0000130c       0x20 c:/siliconlabs/simplicitystudio/v5/developer/toolchains/gnu_arm/12.2.rel1_2023.7/bin/../lib/gcc/arm-none-eabi/12.2.1/thumb/v8-m.main+fp/hard\libc_nano.a(libc_a-memset.o)
 .debug_frame   0x0000132c       0x2c c:/siliconlabs/simplicitystudio/v5/developer/toolchains/gnu_arm/12.2.rel1_2023.7/bin/../lib/gcc/arm-none-eabi/12.2.1/thumb/v8-m.main+fp/hard\libc_nano.a(libc_a-init.o)
 .debug_frame   0x00001358       0x28 c:/siliconlabs/simplicitystudio/v5/developer/toolchains/gnu_arm/12.2.rel1_2023.7/bin/../lib/gcc/arm-none-eabi/12.2.1/thumb/v8-m.main+fp/hard\libc_nano.a(libc_a-memcpy-stub.o)
