Archive member included to satisfy reference by file (symbol)

c:/siliconlabs/simplicitystudio/v5/developer/toolchains/gnu_arm/12.2.rel1_2023.7/bin/../lib/gcc/arm-none-eabi/12.2.1/thumb/v8-m.main+fp/hard\libgcc.a(_aeabi_ldivmod.o)
                              ./Bootloader/gecko_sdk_4.4.1/platform/emlib/src/em_usart.o (__aeabi_ldivmod)
c:/siliconlabs/simplicitystudio/v5/developer/toolchains/gnu_arm/12.2.rel1_2023.7/bin/../lib/gcc/arm-none-eabi/12.2.1/thumb/v8-m.main+fp/hard\libgcc.a(_aeabi_uldivmod.o)
                              ./Bootloader/gecko_sdk_4.4.1/platform/emlib/src/em_usart.o (__aeabi_uldivmod)
c:/siliconlabs/simplicitystudio/v5/developer/toolchains/gnu_arm/12.2.rel1_2023.7/bin/../lib/gcc/arm-none-eabi/12.2.1/thumb/v8-m.main+fp/hard\libgcc.a(_udivmoddi4.o)
                              c:/siliconlabs/simplicitystudio/v5/developer/toolchains/gnu_arm/12.2.rel1_2023.7/bin/../lib/gcc/arm-none-eabi/12.2.1/thumb/v8-m.main+fp/hard\libgcc.a(_aeabi_ldivmod.o) (__udivmoddi4)
c:/siliconlabs/simplicitystudio/v5/developer/toolchains/gnu_arm/12.2.rel1_2023.7/bin/../lib/gcc/arm-none-eabi/12.2.1/thumb/v8-m.main+fp/hard\libgcc.a(_dvmd_tls.o)
                              c:/siliconlabs/simplicitystudio/v5/developer/toolchains/gnu_arm/12.2.rel1_2023.7/bin/../lib/gcc/arm-none-eabi/12.2.1/thumb/v8-m.main+fp/hard\libgcc.a(_aeabi_ldivmod.o) (__aeabi_ldiv0)
c:/siliconlabs/simplicitystudio/v5/developer/toolchains/gnu_arm/12.2.rel1_2023.7/bin/../lib/gcc/arm-none-eabi/12.2.1/thumb/v8-m.main+fp/hard\libc_nano.a(libc_a-exit.o)
                              c:/siliconlabs/simplicitystudio/v5/developer/toolchains/gnu_arm/12.2.rel1_2023.7/bin/../lib/gcc/arm-none-eabi/12.2.1/thumb/v8-m.main+fp/hard/crt0.o (exit)
c:/siliconlabs/simplicitystudio/v5/developer/toolchains/gnu_arm/12.2.rel1_2023.7/bin/../lib/gcc/arm-none-eabi/12.2.1/thumb/v8-m.main+fp/hard\libc_nano.a(libc_a-malloc.o)
                              ./SRC/MEM/mem.o (malloc)
c:/siliconlabs/simplicitystudio/v5/developer/toolchains/gnu_arm/12.2.rel1_2023.7/bin/../lib/gcc/arm-none-eabi/12.2.1/thumb/v8-m.main+fp/hard\libc_nano.a(libc_a-mallocr.o)
                              c:/siliconlabs/simplicitystudio/v5/developer/toolchains/gnu_arm/12.2.rel1_2023.7/bin/../lib/gcc/arm-none-eabi/12.2.1/thumb/v8-m.main+fp/hard\libc_nano.a(libc_a-malloc.o) (_malloc_r)
c:/siliconlabs/simplicitystudio/v5/developer/toolchains/gnu_arm/12.2.rel1_2023.7/bin/../lib/gcc/arm-none-eabi/12.2.1/thumb/v8-m.main+fp/hard\libc_nano.a(libc_a-mlock.o)
                              c:/siliconlabs/simplicitystudio/v5/developer/toolchains/gnu_arm/12.2.rel1_2023.7/bin/../lib/gcc/arm-none-eabi/12.2.1/thumb/v8-m.main+fp/hard\libc_nano.a(libc_a-mallocr.o) (__malloc_lock)
c:/siliconlabs/simplicitystudio/v5/developer/toolchains/gnu_arm/12.2.rel1_2023.7/bin/../lib/gcc/arm-none-eabi/12.2.1/thumb/v8-m.main+fp/hard\libc_nano.a(libc_a-findfp.o)
                              c:/siliconlabs/simplicitystudio/v5/developer/toolchains/gnu_arm/12.2.rel1_2023.7/bin/../lib/gcc/arm-none-eabi/12.2.1/thumb/v8-m.main+fp/hard\libc_nano.a(libc_a-exit.o) (__stdio_exit_handler)
c:/siliconlabs/simplicitystudio/v5/developer/toolchains/gnu_arm/12.2.rel1_2023.7/bin/../lib/gcc/arm-none-eabi/12.2.1/thumb/v8-m.main+fp/hard\libc_nano.a(libc_a-fwalk.o)
                              c:/siliconlabs/simplicitystudio/v5/developer/toolchains/gnu_arm/12.2.rel1_2023.7/bin/../lib/gcc/arm-none-eabi/12.2.1/thumb/v8-m.main+fp/hard\libc_nano.a(libc_a-findfp.o) (_fwalk_sglue)
c:/siliconlabs/simplicitystudio/v5/developer/toolchains/gnu_arm/12.2.rel1_2023.7/bin/../lib/gcc/arm-none-eabi/12.2.1/thumb/v8-m.main+fp/hard\libc_nano.a(libc_a-stdio.o)
                              c:/siliconlabs/simplicitystudio/v5/developer/toolchains/gnu_arm/12.2.rel1_2023.7/bin/../lib/gcc/arm-none-eabi/12.2.1/thumb/v8-m.main+fp/hard\libc_nano.a(libc_a-findfp.o) (__sread)
c:/siliconlabs/simplicitystudio/v5/developer/toolchains/gnu_arm/12.2.rel1_2023.7/bin/../lib/gcc/arm-none-eabi/12.2.1/thumb/v8-m.main+fp/hard\libc_nano.a(libc_a-memset.o)
                              c:/siliconlabs/simplicitystudio/v5/developer/toolchains/gnu_arm/12.2.rel1_2023.7/bin/../lib/gcc/arm-none-eabi/12.2.1/thumb/v8-m.main+fp/hard/crt0.o (memset)
c:/siliconlabs/simplicitystudio/v5/developer/toolchains/gnu_arm/12.2.rel1_2023.7/bin/../lib/gcc/arm-none-eabi/12.2.1/thumb/v8-m.main+fp/hard\libc_nano.a(libc_a-closer.o)
                              c:/siliconlabs/simplicitystudio/v5/developer/toolchains/gnu_arm/12.2.rel1_2023.7/bin/../lib/gcc/arm-none-eabi/12.2.1/thumb/v8-m.main+fp/hard\libc_nano.a(libc_a-stdio.o) (_close_r)
c:/siliconlabs/simplicitystudio/v5/developer/toolchains/gnu_arm/12.2.rel1_2023.7/bin/../lib/gcc/arm-none-eabi/12.2.1/thumb/v8-m.main+fp/hard\libc_nano.a(libc_a-reent.o)
                              c:/siliconlabs/simplicitystudio/v5/developer/toolchains/gnu_arm/12.2.rel1_2023.7/bin/../lib/gcc/arm-none-eabi/12.2.1/thumb/v8-m.main+fp/hard\libc_nano.a(libc_a-closer.o) (errno)
[...]
Memory Configuration

Name             Origin             Length             Attributes
FLASH            0x00000000         0x0007e000         xr
RAM              0x20000000         0x00008000         xrw
*default*        0x00000000         0xffffffff

Linker script and memory map

LOAD c:/siliconlabs/simplicitystudio/v5/developer/toolchains/gnu_arm/12.2.rel1_2023.7/bin/../lib/gcc/arm-none-eabi/12.2.1/thumb/v8-m.main+fp/hard/crti.o
LOAD c:/siliconlabs/simplicitystudio/v5/developer/toolchains/gnu_arm/12.2.rel1_2023.7/bin/../lib/gcc/arm-none-eabi/12.2.1/thumb/v8-m.main+fp/hard/crtbegin.o
LOAD c:/siliconlabs/simplicitystudio/v5/developer/toolchains/gnu_arm/12.2.rel1_2023.7/bin/../lib/gcc/arm-none-eabi/12.2.1/thumb/v8-m.main+fp/hard/crt0.o
START GROUP
LOAD ./Bootloader/GNU ARM v12.2.1 - Debug/main.o
LOAD ./Bootloader/SRC/app.o
LOAD ./Bootloader/SRC/bootloader.o
LOAD ./Bootloader/SRC/crc32.o
LOAD ./Bootloader/SRC/main.o
LOAD ./Bootloader/autogen/sl_device_init_clocks.o
LOAD ./Bootloader/autogen/sl_event_handler.o
LOAD ./Bootloader/gecko_sdk_4.4.1/platform/Device/SiliconLabs/BGM22/Source/startup_bgm22.o
LOAD ./Bootloader/gecko_sdk_4.4.1/platform/Device/SiliconLabs/BGM22/Source/system_bgm22.o
LOAD ./Bootloader/gecko_sdk_4.4.1/platform/common/src/sl_assert.o
LOAD ./Bootloader/gecko_sdk_4.4.1/platform/common/src/sl_syscalls.o
LOAD ./Bootloader/gecko_sdk_4.4.1/platform/common/toolchain/src/sl_memory.o
LOAD ./Bootloader/gecko_sdk_4.4.1/platform/emlib/src/em_cmu.o
LOAD ./Bootloader/gecko_sdk_4.4.1/platform/emlib/src/em_core.o
LOAD ./Bootloader/gecko_sdk_4.4.1/platform/emlib/src/em_emu.o
LOAD ./Bootloader/gecko_sdk_4.4.1/platform/emlib/src/em_gpio.o
LOAD ./Bootloader/gecko_sdk_4.4.1/platform/emlib/src/em_msc.o
LOAD ./Bootloader/gecko_sdk_4.4.1/platform/emlib/src/em_system.o
LOAD ./Bootloader/gecko_sdk_4.4.1/platform/emlib/src/em_usart.o
LOAD ./Bootloader/gecko_sdk_4.4.1/platform/service/device_init/src/sl_device_init_dcdc_s2.o
LOAD ./Bootloader/gecko_sdk_4.4.1/platform/service/device_init/src/sl_device_init_emu_s2.o
LOAD ./Bootloader/gecko_sdk_4.4.1/platform/service/device_init/src/sl_device_init_hfxo_s2.o
LOAD ./Bootloader/gecko_sdk_4.4.1/platform/service/device_init/src/sl_device_init_nvic.o
LOAD ./Bootloader/gecko_sdk_4.4.1/platform/service/system/src/sl_system_init.o
LOAD ./Bootloader/gecko_sdk_4.4.1/platform/service/system/src/sl_system_process_action.o
LOAD ./SRC/MEM/mem.o
LOAD ./SRC/app.o
LOAD ./SRC/bootloader.o
LOAD ./SRC/crc32.o
LOAD ./SRC/main.o
LOAD ./autogen/sl_device_init_clocks.o
LOAD ./autogen/sl_event_handler.o
LOAD ./gecko_sdk_4.4.1/platform/Device/SiliconLabs/BGM22/Source/startup_bgm22.o
LOAD ./gecko_sdk_4.4.1/platform/Device/SiliconLabs/BGM22/Source/system_bgm22.o
LOAD ./gecko_sdk_4.4.1/platform/common/src/sl_assert.o
LOAD ./gecko_sdk_4.4.1/platform/common/src/sl_syscalls.o
LOAD ./gecko_sdk_4.4.1/platform/common/toolchain/src/sl_memory.o
LOAD ./gecko_sdk_4.4.1/platform/emlib/src/em_cmu.o
LOAD ./gecko_sdk_4.4.1/platform/emlib/src/em_core.o
LOAD ./gecko_sdk_4.4.1/platform/emlib/src/em_emu.o
LOAD ./gecko_sdk_4.4.1/platform/emlib/src/em_gpio.o
LOAD ./gecko_sdk_4.4.1/platform/emlib/src/em_msc.o
LOAD ./gecko_sdk_4.4.1/platform/emlib/src/em_system.o
LOAD ./gecko_sdk_4.4.1/platform/emlib/src/em_usart.o
LOAD ./gecko_sdk_4.4.1/platform/service/device_init/src/sl_device_init_dcdc_s2.o
LOAD ./gecko_sdk_4.4.1/platform/service/device_init/src/sl_device_init_emu_s2.o
LOAD ./gecko_sdk_4.4.1/platform/service/device_init/src/sl_device_init_hfxo_s2.o
LOAD ./gecko_sdk_4.4.1/platform/service/device_init/src/sl_device_init_nvic.o
LOAD ./gecko_sdk_4.4.1/platform/service/system/src/sl_system_init.o
LOAD ./gecko_sdk_4.4.1/platform/service/system/src/sl_system_process_action.o
LOAD c:/siliconlabs/simplicitystudio/v5/developer/toolchains/gnu_arm/12.2.rel1_2023.7/bin/../lib/gcc/arm-none-eabi/12.2.1/thumb/v8-m.main+fp/hard\libgcc.a
LOAD c:/siliconlabs/simplicitystudio/v5/developer/toolchains/gnu_arm/12.2.rel1_2023.7/bin/../lib/gcc/arm-none-eabi/12.2.1/thumb/v8-m.main+fp/hard\libc_nano.a
LOAD c:/siliconlabs/simplicitystudio/v5/developer/toolchains/gnu_arm/12.2.rel1_2023.7/bin/../lib/gcc/arm-none-eabi/12.2.1/thumb/v8-m.main+fp/hard\libm.a
LOAD c:/siliconlabs/simplicitystudio/v5/developer/toolchains/gnu_arm/12.2.rel1_2023.7/bin/../lib/gcc/arm-none-eabi/12.2.1/thumb/v8-m.main+fp/hard\libnosys.a
END GROUP
START GROUP
LOAD c:/siliconlabs/simplicitystudio/v5/developer/toolchains/gnu_arm/12.2.rel1_2023.7/bin/../lib/gcc/arm-none-eabi/12.2.1/thumb/v8-m.main+fp/hard\libgcc.a
LOAD c:/siliconlabs/simplicitystudio/v5/developer/toolchains/gnu_arm/12.2.rel1_2023.7/bin/../lib/gcc/arm-none-eabi/12.2.1/thumb/v8-m.main+fp/hard\libc_nano.a
LOAD c:/siliconlabs/simplicitystudio/v5/developer/toolchains/gnu_arm/12.2.rel1_2023.7/bin/../lib/gcc/arm-none-eabi/12.2.1/thumb/v8-m.main+fp/hard\libnosys.a
END GROUP
START GROUP
LOAD c:/siliconlabs/simplicitystudio/v5/developer/toolchains/gnu_arm/12.2.rel1_2023.7/bin/../lib/gcc/arm-none-eabi/12.2.1/thumb/v8-m.main+fp/hard\libgcc.a
LOAD c:/siliconlabs/simplicitystudio/v5/developer/toolchains/gnu_arm/12.2.rel1_2023.7/bin/../lib/gcc/arm-none-eabi/12.2.1/thumb/v8-m.main+fp/hard\libg_nano.a
LOAD c:/siliconlabs/simplicitystudio/v5/developer/toolchains/gnu_arm/12.2.rel1_2023.7/bin/../lib/gcc/arm-none-eabi/12.2.1/thumb/v8-m.main+fp/hard\libc_nano.a
END GROUP
START GROUP
LOAD c:/siliconlabs/simplicitystudio/v5/developer/toolchains/gnu_arm/12.2.rel1_2023.7/bin/../lib/gcc/arm-none-eabi/12.2.1/thumb/v8-m.main+fp/hard\libgcc.a
LOAD c:/siliconlabs/simplicitystudio/v5/developer/toolchains/gnu_arm/12.2.rel1_2023.7/bin/../lib/gcc/arm-none-eabi/12.2.1/thumb/v8-m.main+fp/hard\libc_nano.a
END GROUP
LOAD c:/siliconlabs/simplicitystudio/v5/developer/toolchains/gnu_arm/12.2.rel1_2023.7/bin/../lib/gcc/arm-none-eabi/12.2.1/thumb/v8-m.main+fp/hard/crtend.o
LOAD c:/siliconlabs/simplicitystudio/v5/developer/toolchains/gnu_arm/12.2.rel1_2023.7/bin/../lib/gcc/arm-none-eabi/12.2.1/thumb/v8-m.main+fp/hard/crtn.o

.text           0x00000000     0x1624
                0x00000000                linker_vectors_begin = .
 *(.vectors)
 .vectors       0x00000000      0x140 ./Bootloader/gecko_sdk_4.4.1/platform/Device/SiliconLabs/BGM22/Source/startup_bgm22.o
                0x00000000                __Vectors
 *fill*         0x00000140       0xc0 
 .vectors       0x00000200      0x140 ./gecko_sdk_4.4.1/platform/Device/SiliconLabs/BGM22/Source/startup_bgm22.o
                0x00000340                linker_vectors_end = .
                0x00000340                __Vectors_End = .
                0x00000340                __Vectors_Size = (__Vectors_End - __Vectors)
                0x00000340                linker_code_begin = .
 *(SORT_BY_ALIGNMENT(.text*))
 .text.deregister_tm_clones
                0x00000340       0x1c c:/siliconlabs/simplicitystudio/v5/developer/toolchains/gnu_arm/12.2.rel1_2023.7/bin/../lib/gcc/arm-none-eabi/12.2.1/thumb/v8-m.main+fp/hard/crtbegin.o
 .text.register_tm_clones
                0x0000035c       0x28 c:/siliconlabs/simplicitystudio/v5/developer/toolchains/gnu_arm/12.2.rel1_2023.7/bin/../lib/gcc/arm-none-eabi/12.2.1/thumb/v8-m.main+fp/hard/crtbegin.o
 .text.__do_global_dtors_aux
                0x00000384       0x28 c:/siliconlabs/simplicitystudio/v5/developer/toolchains/gnu_arm/12.2.rel1_2023.7/bin/../lib/gcc/arm-none-eabi/12.2.1/thumb/v8-m.main+fp/hard/crtbegin.o
 .text.frame_dummy
                0x000003ac       0x24 c:/siliconlabs/simplicitystudio/v5/developer/toolchains/gnu_arm/12.2.rel1_2023.7/bin/../lib/gcc/arm-none-eabi/12.2.1/thumb/v8-m.main+fp/hard/crtbegin.o
 .text          0x000003d0       0x7c c:/siliconlabs/simplicitystudio/v5/developer/toolchains/gnu_arm/12.2.rel1_2023.7/bin/../lib/gcc/arm-none-eabi/12.2.1/thumb/v8-m.main+fp/hard/crt0.o
                0x000003d0                _stack_init
                0x000003d8                _start
                0x000003d8                _mainCRTStartup
 .text.sl_device_init_clocks
                0x0000044c       0x9c ./Bootloader/autogen/sl_device_init_clocks.o
                0x0000044c                sl_device_init_clocks
 .text.sl_platform_init
                0x000004e8       0x4c ./Bootloader/autogen/sl_event_handler.o
                0x000004e8                sl_platform_init
 .text.CopyRamFuncs
                0x00000534       0x1c ./Bootloader/gecko_sdk_4.4.1/platform/Device/SiliconLabs/BGM22/Source/startup_bgm22.o
                0x00000534                CopyRamFuncs
 .text.Reset_Handler
                0x00000550       0x64 ./Bootloader/gecko_sdk_4.4.1/platform/Device/SiliconLabs/BGM22/Source/startup_bgm22.o
                0x00000550                Reset_Handler
 .text.SystemInit
                0x000005b4       0x64 ./Bootloader/gecko_sdk_4.4.1/platform/Device/SiliconLabs/BGM22/Source/system_bgm22.o
                0x000005b4                SystemInit
 .text.SystemHFRCODPLLClockGet
                0x00000618        0xc ./Bootloader/gecko_sdk_4.4.1/platform/Device/SiliconLabs/BGM22/Source/system_bgm22.o
                0x00000618                SystemHFRCODPLLClockGet
 .text.SystemSYSCLKGet
                0x00000624       0x34 ./Bootloader/gecko_sdk_4.4.1/platform/Device/SiliconLabs/BGM22/Source/system_bgm22.o
                0x00000624                SystemSYSCLKGet
 .text.SystemHCLKGet
                0x00000658       0x24 ./Bootloader/gecko_sdk_4.4.1/platform/Device/SiliconLabs/BGM22/Source/system_bgm22.o
                0x00000658                SystemHCLKGet
 .text.SystemMaxCoreClockGet
                0x0000067c        0x8 ./Bootloader/gecko_sdk_4.4.1/platform/Device/SiliconLabs/BGM22/Source/system_bgm22.o
                0x0000067c                SystemMaxCoreClockGet
 .text.SystemHFXOClockGet
                0x00000684        0xc ./Bootloader/gecko_sdk_4.4.1/platform/Device/SiliconLabs/BGM22/Source/system_bgm22.o
                0x00000684                SystemHFXOClockGet
 .text.SystemHFXOClockSet
                0x00000690       0x20 ./Bootloader/gecko_sdk_4.4.1/platform/Device/SiliconLabs/BGM22/Source/system_bgm22.o
                0x00000690                SystemHFXOClockSet
 .text.SystemFSRCOClockGet
                0x000006b0        0x8 ./Bootloader/gecko_sdk_4.4.1/platform/Device/SiliconLabs/BGM22/Source/system_bgm22.o
                0x000006b0                SystemFSRCOClockGet
 .text.SystemLFXOClockGet
                0x000006b8        0xc ./Bootloader/gecko_sdk_4.4.1/platform/Device/SiliconLabs/BGM22/Source/system_bgm22.o
                0x000006b8                SystemLFXOClockGet
 .text.EMU_VScaleGet
                0x000006c4       0x18 ./Bootloader/gecko_sdk_4.4.1/platform/emlib/src/em_cmu.o
 .text.em01GrpaClkGet
                0x000006dc       0x48 ./Bootloader/gecko_sdk_4.4.1/platform/emlib/src/em_cmu.o
 .text.iadcClkGet
                0x00000724       0x54 ./Bootloader/gecko_sdk_4.4.1/platform/emlib/src/em_cmu.o
 .text.em01GrpbClkGet
                0x00000778       0x74 ./Bootloader/gecko_sdk_4.4.1/platform/emlib/src/em_cmu.o
 .text.em23GrpaClkGet
                0x000007ec       0x48 ./Bootloader/gecko_sdk_4.4.1/platform/emlib/src/em_cmu.o
 .text.wdog0ClkGet
                0x00000834       0x64 ./Bootloader/gecko_sdk_4.4.1/platform/emlib/src/em_cmu.o
 .text.rtccClkGet
                0x00000898       0x54 ./Bootloader/gecko_sdk_4.4.1/platform/emlib/src/em_cmu.o
 .text.em4GrpaClkGet
                0x000008ec       0x48 ./Bootloader/gecko_sdk_4.4.1/platform/emlib/src/em_cmu.o
 .text.euart0ClkGet
                0x00000934       0x48 ./Bootloader/gecko_sdk_4.4.1/platform/emlib/src/em_cmu.o
 .text.CMU_ClockDivGet
                0x0000097c       0x84 ./Bootloader/gecko_sdk_4.4.1/platform/emlib/src/em_cmu.o
                0x0000097c                CMU_ClockDivGet
 .text.flashWaitStateControl
                0x00000a00       0x4c ./Bootloader/gecko_sdk_4.4.1/platform/emlib/src/em_cmu.o
 .text.CMU_ClockFreqGet
                0x00000a4c      0x198 ./Bootloader/gecko_sdk_4.4.1/platform/emlib/src/em_cmu.o
                0x00000a4c                CMU_ClockFreqGet
 .text.rhclkPrescOptimize
                0x00000be4       0x20 ./Bootloader/gecko_sdk_4.4.1/platform/emlib/src/em_cmu.o
 .text.CMU_ClockSelectGet
                0x00000c04      0x168 ./Bootloader/gecko_sdk_4.4.1/platform/emlib/src/em_cmu.o
                0x00000c04                CMU_ClockSelectGet
 .text.sli_em_cmu_HFXOSetForceEnable
                0x00000d6c       0x18 ./Bootloader/gecko_sdk_4.4.1/platform/emlib/src/em_cmu.o
                0x00000d6c                sli_em_cmu_HFXOSetForceEnable
 .text.CMU_HFXOInit
                0x00000d84      0x1dc ./Bootloader/gecko_sdk_4.4.1/platform/emlib/src/em_cmu.o
                0x00000d84                CMU_HFXOInit
 .text.CMU_HFXOCTuneDeltaGet
                0x00000f60        0xc ./Bootloader/gecko_sdk_4.4.1/platform/emlib/src/em_cmu.o
                0x00000f60                CMU_HFXOCTuneDeltaGet
 .text.CMU_HFXOPrecisionSet
                0x00000f6c        0xc ./Bootloader/gecko_sdk_4.4.1/platform/emlib/src/em_cmu.o
                0x00000f6c                CMU_HFXOPrecisionSet
 .text.CMU_ClockDivSet
                0x00000f78      0x104 ./Bootloader/gecko_sdk_4.4.1/platform/emlib/src/em_cmu.o
                0x00000f78                CMU_ClockDivSet
 .text.sli_em_cmu_SYSCLKInitPreClockSelect
                0x0000107c       0x20 ./Bootloader/gecko_sdk_4.4.1/platform/emlib/src/em_cmu.o
                0x0000107c                sli_em_cmu_SYSCLKInitPreClockSelect
 .text.pclkDivOptimize
                0x0000109c       0x24 ./Bootloader/gecko_sdk_4.4.1/platform/emlib/src/em_cmu.o
 .text.EMU_EM4Init
                0x000010c0       0x14 ./Bootloader/gecko_sdk_4.4.1/platform/emlib/src/em_emu.o
                0x000010c0                EMU_EM4Init
 .text.EMU_VScaleEM01
                0x000010d4       0xa8 ./Bootloader/gecko_sdk_4.4.1/platform/emlib/src/em_emu.o
                0x000010d4                EMU_VScaleEM01
 .text.EMU_VScaleEM01ByClock
                0x0000117c       0x30 ./Bootloader/gecko_sdk_4.4.1/platform/emlib/src/em_emu.o
                0x0000117c                EMU_VScaleEM01ByClock
 .text.EMU_DCDCModeSet
                0x000011ac       0xb8 ./Bootloader/gecko_sdk_4.4.1/platform/emlib/src/em_emu.o
                0x000011ac                EMU_DCDCModeSet
 .text.EMU_DCDCInit
                0x00001264       0x74 ./Bootloader/gecko_sdk_4.4.1/platform/emlib/src/em_emu.o
                0x00001264                EMU_DCDCInit
 .text.SYSTEM_GetProdRev
                0x000012d8       0x10 ./Bootloader/gecko_sdk_4.4.1/platform/emlib/src/em_system.o
                0x000012d8                SYSTEM_GetProdRev
 .text.sl_device_init_dcdc
                0x000012e8       0x20 ./Bootloader/gecko_sdk_4.4.1/platform/service/device_init/src/sl_device_init_dcdc_s2.o
                0x000012e8                sl_device_init_dcdc
 .text.sl_device_init_emu
                0x00001308       0x24 ./Bootloader/gecko_sdk_4.4.1/platform/service/device_init/src/sl_device_init_emu_s2.o
                0x00001308                sl_device_init_emu
 .text.sl_device_init_hfxo
                0x0000132c       0x74 ./Bootloader/gecko_sdk_4.4.1/platform/service/device_init/src/sl_device_init_hfxo_s2.o
                0x0000132c                sl_device_init_hfxo
 .text.sl_device_init_nvic
                0x000013a0       0x3c ./Bootloader/gecko_sdk_4.4.1/platform/service/device_init/src/sl_device_init_nvic.o
                0x000013a0                sl_device_init_nvic
 .text.exit     0x000013dc       0x24 c:/siliconlabs/simplicitystudio/v5/developer/toolchains/gnu_arm/12.2.rel1_2023.7/bin/../lib/gcc/arm-none-eabi/12.2.1/thumb/v8-m.main+fp/hard\libc_nano.a(libc_a-exit.o)
                0x000013dc                exit
 .text.__libc_init_array
                0x00001400       0x48 c:/siliconlabs/simplicitystudio/v5/developer/toolchains/gnu_arm/12.2.rel1_2023.7/bin/../lib/gcc/arm-none-eabi/12.2.1/thumb/v8-m.main+fp/hard\libc_nano.a(libc_a-init.o)
                0x00001400                __libc_init_array
 .text.startup.main
                0x00001448       0x14 ./Bootloader/GNU ARM v12.2.1 - Debug/main.o
                0x00001448                main
 .text.app_init
                0x0000145c        0x2 ./Bootloader/SRC/app.o
                0x0000145c                app_init
 .text.app_process_action
                0x0000145e        0x2 ./Bootloader/SRC/app.o
                0x0000145e                app_process_action
 .text.sl_driver_init
                0x00001460        0x2 ./Bootloader/autogen/sl_event_handler.o
                0x00001460                sl_driver_init
 .text.sl_service_init
                0x00001462        0x2 ./Bootloader/autogen/sl_event_handler.o
                0x00001462                sl_service_init
 .text.sl_stack_init
                0x00001464        0x2 ./Bootloader/autogen/sl_event_handler.o
                0x00001464                sl_stack_init
 .text.sl_internal_app_init
                0x00001466        0x2 ./Bootloader/autogen/sl_event_handler.o
                0x00001466                sl_internal_app_init
 .text.sl_platform_process_action
                0x00001468        0x2 ./Bootloader/autogen/sl_event_handler.o
                0x00001468                sl_platform_process_action
 .text.sl_service_process_action
                0x0000146a        0x2 ./Bootloader/autogen/sl_event_handler.o
                0x0000146a                sl_service_process_action
 .text.sl_stack_process_action
                0x0000146c        0x2 ./Bootloader/autogen/sl_event_handler.o
                0x0000146c                sl_stack_process_action
 .text.sl_internal_app_process_action
                0x0000146e        0x2 ./Bootloader/autogen/sl_event_handler.o
                0x0000146e                sl_internal_app_process_action
 .text.Default_Handler
                0x00001470        0x2 ./Bootloader/gecko_sdk_4.4.1/platform/Device/SiliconLabs/BGM22/Source/startup_bgm22.o
                0x00001470                ULFRCO_IRQHandler
                0x00001470                SW2_IRQHandler
                0x00001470                TIMER2_IRQHandler
                0x00001470                DebugMon_Handler
                0x00001470                PKE_IRQHandler
                0x00001470                USART0_TX_IRQHandler
                0x00001470                PRORTC_IRQHandler
                0x00001470                IADC_IRQHandler
                0x00001470                I2C0_IRQHandler
                0x00001470                LFXO_IRQHandler
                0x00001470                CRYPTOACC_IRQHandler
                0x00001470                HardFault_Handler
                0x00001470                SMU_SECURE_IRQHandler
                0x00001470                SysTick_Handler
                0x00001470                USART1_RX_IRQHandler
                0x00001470                EMUEFP_IRQHandler
                0x00001470                PendSV_Handler
                0x00001470                NMI_Handler
                0x00001470                SYNTH_IRQHandler
                0x00001470                HFXO0_IRQHandler
                0x00001470                I2C1_IRQHandler
                0x00001470                PDM_IRQHandler
                0x00001470                WDOG0_IRQHandler
                0x00001470                TIMER3_IRQHandler
                0x00001470                SYSCFG_IRQHandler
                0x00001470                EMUSE_IRQHandler
                0x00001470                EMUDG_IRQHandler
                0x00001470                USART1_TX_IRQHandler
                0x00001470                MSC_IRQHandler
                0x00001470                DPLL0_IRQHandler
                0x00001470                UsageFault_Handler
                0x00001470                M33CTI1_IRQHandler
                0x00001470                TIMER4_IRQHandler
                0x00001470                GPIO_EVEN_IRQHandler
                0x00001470                LDMA_IRQHandler
                0x00001470                SW0_IRQHandler
                0x00001470                TIMER0_IRQHandler
                0x00001470                LETIMER0_IRQHandler
                0x00001470                TIMER1_IRQHandler
                0x00001470                HFRCO0_IRQHandler
                0x00001470                RFSENSE_IRQHandler
                0x00001470                SecureFault_Handler
                0x00001470                BUFC_IRQHandler
                0x00001470                DCDC_IRQHandler
                0x00001470                MODEM_IRQHandler
                0x00001470                Default_Handler
                0x00001470                RAC_SEQ_IRQHandler
                0x00001470                FRC_PRI_IRQHandler
                0x00001470                EMU_IRQHandler
                0x00001470                SW3_IRQHandler
                0x00001470                KERNEL0_IRQHandler
                0x00001470                FRC_IRQHandler
                0x00001470                KERNEL1_IRQHandler
                0x00001470                AGC_IRQHandler
                0x00001470                sl_app_properties
                0x00001470                BURTC_IRQHandler
                0x00001470                LFRCO_IRQHandler
                0x00001470                USART0_RX_IRQHandler
                0x00001470                MemManage_Handler
                0x00001470                RDMAILBOX_IRQHandler
                0x00001470                SVC_Handler
                0x00001470                RTCC_IRQHandler
                0x00001470                SMU_S_PRIVILEGED_IRQHandler
                0x00001470                SW1_IRQHandler
                0x00001470                CMU_IRQHandler
                0x00001470                RAC_RSM_IRQHandler
                0x00001470                EUART0_TX_IRQHandler
                0x00001470                EUART0_RX_IRQHandler
                0x00001470                GPIO_ODD_IRQHandler
                0x00001470                AES_IRQHandler
                0x00001470                M33CTI0_IRQHandler
                0x00001470                ICACHE0_IRQHandler
                0x00001470                SMU_NS_PRIVILEGED_IRQHandler
                0x00001470                PROTIMER_IRQHandler
                0x00001470                BusFault_Handler
                0x00001470                TRNG_IRQHandler
 .text.FlashToRamCopy
                0x00001472       0x16 ./Bootloader/gecko_sdk_4.4.1/platform/Device/SiliconLabs/BGM22/Source/system_bgm22.o
                0x00001472                FlashToRamCopy
 .text.SystemCLKIN0Get
                0x00001488        0x4 ./Bootloader/gecko_sdk_4.4.1/platform/Device/SiliconLabs/BGM22/Source/system_bgm22.o
                0x00001488                SystemCLKIN0Get
 .text.SystemLFRCOClockGet
                0x0000148c        0x6 ./Bootloader/gecko_sdk_4.4.1/platform/Device/SiliconLabs/BGM22/Source/system_bgm22.o
                0x0000148c                SystemLFRCOClockGet
 .text.SystemULFRCOClockGet
                0x00001492        0x6 ./Bootloader/gecko_sdk_4.4.1/platform/Device/SiliconLabs/BGM22/Source/system_bgm22.o
                0x00001492                SystemULFRCOClockGet
 .text.assertEFM
                0x00001498        0x2 ./Bootloader/gecko_sdk_4.4.1/platform/common/src/sl_assert.o
                0x00001498                assertEFM
 .text._exit    0x0000149a        0x2 ./Bootloader/gecko_sdk_4.4.1/platform/common/src/sl_syscalls.o
                0x0000149a                _exit
 .text.waitStateMax
                0x0000149c       0x10 ./Bootloader/gecko_sdk_4.4.1/platform/emlib/src/em_cmu.o
 .text.CMU_UpdateWaitStates
                0x000014ac        0xc ./Bootloader/gecko_sdk_4.4.1/platform/emlib/src/em_cmu.o
                0x000014ac                CMU_UpdateWaitStates
 .text.pclkDivMax
                0x000014b8        0xa ./Bootloader/gecko_sdk_4.4.1/platform/emlib/src/em_cmu.o
 .text.sli_em_cmu_SYSCLKInitPostClockSelect
                0x000014c2       0x2a ./Bootloader/gecko_sdk_4.4.1/platform/emlib/src/em_cmu.o
                0x000014c2                sli_em_cmu_SYSCLKInitPostClockSelect
 .text.CORE_EnterCritical
                0x000014ec        0x8 ./Bootloader/gecko_sdk_4.4.1/platform/emlib/src/em_core.o
                0x000014ec                CORE_EnterCritical
 .text.CORE_ExitCritical
                0x000014f4        0x6 ./Bootloader/gecko_sdk_4.4.1/platform/emlib/src/em_core.o
                0x000014f4                CORE_ExitCritical
 .text.EMU_EFPEM01VScale
                0x000014fa        0x2 ./Bootloader/gecko_sdk_4.4.1/platform/emlib/src/em_emu.o
                0x000014fa                EMU_EFPEM01VScale
 .text.EMU_DCDCUpdatedHook
                0x000014fc        0x2 ./Bootloader/gecko_sdk_4.4.1/platform/emlib/src/em_emu.o
                0x000014fc                EMU_DCDCUpdatedHook
 .text.sl_system_init
                0x000014fe       0x1a ./Bootloader/gecko_sdk_4.4.1/platform/service/system/src/sl_system_init.o
                0x000014fe                sl_system_init
 .text.sl_system_process_action
                0x00001518       0x16 ./Bootloader/gecko_sdk_4.4.1/platform/service/system/src/sl_system_process_action.o
                0x00001518                sl_system_process_action
 .text.memset   0x0000152e       0x10 c:/siliconlabs/simplicitystudio/v5/developer/toolchains/gnu_arm/12.2.rel1_2023.7/bin/../lib/gcc/arm-none-eabi/12.2.1/thumb/v8-m.main+fp/hard\libc_nano.a(libc_a-memset.o)
                0x0000152e                memset
                0x00001540                . = ALIGN (0x20)
 *fill*         0x0000153e        0x2 
                0x00001540                linker_code_end = .
 *(.init)
 .init          0x00001540        0x4 c:/siliconlabs/simplicitystudio/v5/developer/toolchains/gnu_arm/12.2.rel1_2023.7/bin/../lib/gcc/arm-none-eabi/12.2.1/thumb/v8-m.main+fp/hard/crti.o
                0x00001540                _init
 .init          0x00001544        0x8 c:/siliconlabs/simplicitystudio/v5/developer/toolchains/gnu_arm/12.2.rel1_2023.7/bin/../lib/gcc/arm-none-eabi/12.2.1/thumb/v8-m.main+fp/hard/crtn.o
 *(.fini)
 .fini          0x0000154c        0x4 c:/siliconlabs/simplicitystudio/v5/developer/toolchains/gnu_arm/12.2.rel1_2023.7/bin/../lib/gcc/arm-none-eabi/12.2.1/thumb/v8-m.main+fp/hard/crti.o
                0x0000154c                _fini
 .fini          0x00001550        0x8 c:/siliconlabs/simplicitystudio/v5/developer/toolchains/gnu_arm/12.2.rel1_2023.7/bin/../lib/gcc/arm-none-eabi/12.2.1/thumb/v8-m.main+fp/hard/crtn.o
 *crtbegin.o(.ctors)
 *crtbegin?.o(.ctors)
 *(EXCLUDE_FILE(*crtend.o *crtend?.o) .ctors)
 *(SORT_BY_NAME(.ctors.*))
 *(.ctors)
 *crtbegin.o(.dtors)
 *crtbegin?.o(.dtors)
 *(EXCLUDE_FILE(*crtend.o *crtend?.o) .dtors)
 *(SORT_BY_NAME(.dtors.*))
 *(.dtors)
                0x00001558                __code_classification_validator_start__ = .
                0x00001578                . = (. + 0x20)
 *fill*         0x00001558       0x20 
 *(code_classification_validator)
                0x00001580                . = ALIGN (0x20)
 *fill*         0x00001578        0x8 
                0x00001580                __code_classification_validator_end__ = .
 *(.rodata*)
 .rodata.HFRCODPLLDevinfoGet.str1.1
                0x00001580       0x3a ./Bootloader/gecko_sdk_4.4.1/platform/emlib/src/em_cmu.o
 .rodata.EMU_VScaleEM01.str1.1
                0x000015ba       0x3a ./Bootloader/gecko_sdk_4.4.1/platform/emlib/src/em_emu.o
 .rodata        0x000015f4        0x8 ./Bootloader/gecko_sdk_4.4.1/platform/service/device_init/src/sl_device_init_dcdc_s2.o
 .rodata        0x000015fc       0x28 ./Bootloader/gecko_sdk_4.4.1/platform/service/device_init/src/sl_device_init_hfxo_s2.o
 *(.eh_frame*)
 .eh_frame      0x00001624        0x0 c:/siliconlabs/simplicitystudio/v5/developer/toolchains/gnu_arm/12.2.rel1_2023.7/bin/../lib/gcc/arm-none-eabi/12.2.1/thumb/v8-m.main+fp/hard/crtbegin.o

.glue_7         0x00001624        0x0
 .glue_7        0x00001624        0x0 linker stubs

.glue_7t        0x00001624        0x0
 .glue_7t       0x00001624        0x0 linker stubs

.vfp11_veneer   0x00001624        0x0
 .vfp11_veneer  0x00001624        0x0 linker stubs

.v4_bx          0x00001624        0x0
 .v4_bx         0x00001624        0x0 linker stubs

.iplt           0x00001624        0x0
 .iplt          0x00001624        0x0 c:/siliconlabs/simplicitystudio/v5/developer/toolchains/gnu_arm/12.2.rel1_2023.7/bin/../lib/gcc/arm-none-eabi/12.2.1/thumb/v8-m.main+fp/hard/crtbegin.o

.ARM.extab
 *(.ARM.extab* .gnu.linkonce.armextab.*)
                0x00001624                __exidx_start = .

.ARM.exidx      0x00001624        0x8
 *(.ARM.exidx* .gnu.linkonce.armexidx.*)
 .ARM.exidx     0x00001624        0x8 c:/siliconlabs/simplicitystudio/v5/developer/toolchains/gnu_arm/12.2.rel1_2023.7/bin/../lib/gcc/arm-none-eabi/12.2.1/thumb/v8-m.main+fp/hard/crt0.o
                                 0x10 (size before relaxing)
                0x0000162c                __exidx_end = .

.rel.dyn        0x0000162c        0x0
 .rel.iplt      0x0000162c        0x0 c:/siliconlabs/simplicitystudio/v5/developer/toolchains/gnu_arm/12.2.rel1_2023.7/bin/../lib/gcc/arm-none-eabi/12.2.1/thumb/v8-m.main+fp/hard/crtbegin.o

.copy.table     0x0000162c        0xc
                0x0000162c                . = ALIGN (0x4)
                0x0000162c                __copy_table_start__ = .
                0x0000162c        0x4 LONG 0x1638 __etext
                0x00001630        0x4 LONG 0x20002000 __data_start__
                0x00001634        0x4 LONG 0x7 ((__data_end__ - __data_start__) / 0x4)
                0x00001638                __copy_table_end__ = .

.zero.table     0x00001638        0x0
                0x00001638                . = ALIGN (0x4)
                0x00001638                __zero_table_start__ = .
                0x00001638                __zero_table_end__ = .
                0x00001638                __etext = .
                0x20000000                . = ORIGIN (RAM)

.stack          0x20000000     0x2000
                0x20000000                __StackLimit = .
 *(.stack*)
 .stack         0x20000000     0x1000 ./Bootloader/gecko_sdk_4.4.1/platform/common/toolchain/src/sl_memory.o
 .stack         0x20001000     0x1000 ./gecko_sdk_4.4.1/platform/common/toolchain/src/sl_memory.o
                0x20002000                . = ALIGN (0x4)
                0x20002000                __StackTop = .
                0x20002000                PROVIDE (__stack = __StackTop)

.noinit
 *(.noinit*)

.data           0x20002000       0x1c load address 0x00001638
                0x20002000                . = ALIGN (0x4)
                0x20002000                __data_start__ = .
 *(vtable)
 *(SORT_BY_ALIGNMENT(.data*))
 .data.SystemCoreClock
                0x20002000        0x4 ./Bootloader/gecko_sdk_4.4.1/platform/Device/SiliconLabs/BGM22/Source/system_bgm22.o
                0x20002000                SystemCoreClock
 .data.SystemHFRCODPLLClock
                0x20002004        0x4 ./Bootloader/gecko_sdk_4.4.1/platform/Device/SiliconLabs/BGM22/Source/system_bgm22.o
 .data.SystemLFXOClock
                0x20002008        0x4 ./Bootloader/gecko_sdk_4.4.1/platform/Device/SiliconLabs/BGM22/Source/system_bgm22.o
 .data.SystemHFXOClock
                0x2000200c        0x4 ./Bootloader/gecko_sdk_4.4.1/platform/Device/SiliconLabs/BGM22/Source/system_bgm22.o
 .data.hfxo_precision
                0x20002010        0x2 ./Bootloader/gecko_sdk_4.4.1/platform/emlib/src/em_cmu.o
                0x20002014                . = ALIGN (0x4)
 *fill*         0x20002012        0x2 
                [!provide]                PROVIDE (__ram_func_section_start = .)
 *(.ram)
                [!provide]                PROVIDE (__ram_func_section_end = .)
                0x20002014                . = ALIGN (0x4)
                0x20002014                PROVIDE (__preinit_array_start = .)
 *(.preinit_array)
                0x20002014                PROVIDE (__preinit_array_end = .)
                0x20002014                . = ALIGN (0x4)
                0x20002014                PROVIDE (__init_array_start = .)
 *(SORT_BY_NAME(.init_array.*))
 *(.init_array)
 .init_array    0x20002014        0x4 c:/siliconlabs/simplicitystudio/v5/developer/toolchains/gnu_arm/12.2.rel1_2023.7/bin/../lib/gcc/arm-none-eabi/12.2.1/thumb/v8-m.main+fp/hard/crtbegin.o
                0x20002018                PROVIDE (__init_array_end = .)
                0x20002018                . = ALIGN (0x4)
                [!provide]                PROVIDE (__fini_array_start = .)
 *(SORT_BY_NAME(.fini_array.*))
 *(.fini_array)
 .fini_array    0x20002018        0x4 c:/siliconlabs/simplicitystudio/v5/developer/toolchains/gnu_arm/12.2.rel1_2023.7/bin/../lib/gcc/arm-none-eabi/12.2.1/thumb/v8-m.main+fp/hard/crtbegin.o
                [!provide]                PROVIDE (__fini_array_end = .)
                0x2000201c                . = ALIGN (0x4)
                0x2000201c                __data_end__ = .

.tm_clone_table
                0x2000201c        0x0 load address 0x00001654
 .tm_clone_table
                0x2000201c        0x0 c:/siliconlabs/simplicitystudio/v5/developer/toolchains/gnu_arm/12.2.rel1_2023.7/bin/../lib/gcc/arm-none-eabi/12.2.1/thumb/v8-m.main+fp/hard/crtbegin.o
 .tm_clone_table
                0x2000201c        0x0 c:/siliconlabs/simplicitystudio/v5/developer/toolchains/gnu_arm/12.2.rel1_2023.7/bin/../lib/gcc/arm-none-eabi/12.2.1/thumb/v8-m.main+fp/hard/crtend.o

.igot.plt       0x2000201c        0x0 load address 0x00001654
 .igot.plt      0x2000201c        0x0 c:/siliconlabs/simplicitystudio/v5/developer/toolchains/gnu_arm/12.2.rel1_2023.7/bin/../lib/gcc/arm-none-eabi/12.2.1/thumb/v8-m.main+fp/hard/crtbegin.o

.bss            0x2000201c       0x20 load address 0x00001654
                0x2000201c                . = ALIGN (0x4)
                0x2000201c                __bss_start__ = .
 *(SORT_BY_ALIGNMENT(.bss*))
 .bss.object.0  0x2000201c       0x18 c:/siliconlabs/simplicitystudio/v5/developer/toolchains/gnu_arm/12.2.rel1_2023.7/bin/../lib/gcc/arm-none-eabi/12.2.1/thumb/v8-m.main+fp/hard/crtbegin.o
 .bss.__stdio_exit_handler
                0x20002034        0x4 c:/siliconlabs/simplicitystudio/v5/developer/toolchains/gnu_arm/12.2.rel1_2023.7/bin/../lib/gcc/arm-none-eabi/12.2.1/thumb/v8-m.main+fp/hard\libc_nano.a(libc_a-findfp.o)
                0x20002034                __stdio_exit_handler
 .bss.completed.1
                0x20002038        0x1 c:/siliconlabs/simplicitystudio/v5/developer/toolchains/gnu_arm/12.2.rel1_2023.7/bin/../lib/gcc/arm-none-eabi/12.2.1/thumb/v8-m.main+fp/hard/crtbegin.o
 .bss.ctuneDelta
                0x20002039        0x1 ./Bootloader/gecko_sdk_4.4.1/platform/emlib/src/em_cmu.o
 .bss.vScaleEM01Config
                0x2000203a        0x1 ./Bootloader/gecko_sdk_4.4.1/platform/emlib/src/em_emu.o
 *(COMMON)
                0x2000203c                . = ALIGN (0x4)
 *fill*         0x2000203b        0x1 
                0x2000203c                __bss_end__ = .
                0x2000203c                __ramfuncs_start__ = .
                0x2000203c                __vma_ramfuncs_start__ = .
                0x00001654                __lma_ramfuncs_start__ = (__etext + SIZEOF (.data))
                0x00000000                __text_application_ram_offset__ = (. - __vma_ramfuncs_start__)

text_application_ram
                0x2000203c        0x0 load address 0x00001654
                0x2000203c                . = ALIGN (0x4)
                0x2000203c                __text_application_ram_start__ = .
 *(text_application_ram)
                0x2000203c                . = ALIGN (0x4)
                0x2000203c                __text_application_ram_end__ = .
                0x2000203c                . = ALIGN (0x4)
                0x2000203c                __vma_ramfuncs_end__ = .
                0x00001654                __lma_ramfuncs_end__ = ((__lma_ramfuncs_start__ + __text_application_ram_offset__) + SIZEOF (text_application_ram))
                0x2000203c                __ramfuncs_end__ = .

.heap           0x20002040     0x1000
                0x20002040                __HeapBase = .
                0x20002040                __end__ = .
                0x20002040                end = __end__
                0x20002040                _end = __end__
 *(.heap*)
 .heap          0x20002040      0x800 ./Bootloader/gecko_sdk_4.4.1/platform/common/toolchain/src/sl_memory.o
 .heap          0x20002840      0x800 ./gecko_sdk_4.4.1/platform/common/toolchain/src/sl_memory.o
                0x20008000                __HeapLimit = (ORIGIN (RAM) + LENGTH (RAM))
                0x00005fc0                __heap_size = (__HeapLimit - __HeapBase)
                0x20008000                __ram_end__ = 0x20008000
                0x0007e000                __main_flash_end__ = 0x7e000

.internal_storage
 *(.internal_storage*)

.nvm
 *(.simee*)
                0x0007e000                linker_nvm_end = __main_flash_end__
                0x0007e000                linker_nvm_begin = (linker_nvm_end - SIZEOF (.nvm))
                0x00000000                linker_nvm_size = SIZEOF (.nvm)
                0x0007e000                linker_storage_end = linker_nvm_begin
                0x0007e000                __nvm3Base = linker_nvm_begin
                0x0007e000                linker_storage_begin = (linker_storage_end - SIZEOF (.internal_storage))
                0x00000000                linker_storage_size = SIZEOF (.internal_storage)
                0x00000001                ASSERT ((linker_storage_begin >= (__etext + SIZEOF (.data))), FLASH memory overflowed !)
OUTPUT(Bootloader_6.axf elf32-littlearm)
LOAD linker stubs

.ARM.attributes
                0x00000000       0x36
 .ARM.attributes
                0x00000000       0x26 c:/siliconlabs/simplicitystudio/v5/developer/toolchains/gnu_arm/12.2.rel1_2023.7/bin/../lib/gcc/arm-none-eabi/12.2.1/thumb/v8-m.main+fp/hard/crti.o
 .ARM.attributes
                0x00000026       0x38 c:/siliconlabs/simplicitystudio/v5/developer/toolchains/gnu_arm/12.2.rel1_2023.7/bin/../lib/gcc/arm-none-eabi/12.2.1/thumb/v8-m.main+fp/hard/crtbegin.o
 .ARM.attributes
                0x0000005e       0x24 c:/siliconlabs/simplicitystudio/v5/developer/toolchains/gnu_arm/12.2.rel1_2023.7/bin/../lib/gcc/arm-none-eabi/12.2.1/thumb/v8-m.main+fp/hard/crt0.o
 .ARM.attributes
                0x00000082       0x3a ./Bootloader/GNU ARM v12.2.1 - Debug/main.o
 .ARM.attributes
                0x000000bc       0x3a ./Bootloader/SRC/app.o
 .ARM.attributes
                0x000000f6       0x3a ./Bootloader/autogen/sl_device_init_clocks.o
 .ARM.attributes
                0x00000130       0x3a ./Bootloader/autogen/sl_event_handler.o
 .ARM.attributes
                0x0000016a       0x3a ./Bootloader/gecko_sdk_4.4.1/platform/Device/SiliconLabs/BGM22/Source/startup_bgm22.o
 .ARM.attributes
                0x000001a4       0x3a ./Bootloader/gecko_sdk_4.4.1/platform/Device/SiliconLabs/BGM22/Source/system_bgm22.o
 .ARM.attributes
                0x000001de       0x3a ./Bootloader/gecko_sdk_4.4.1/platform/common/src/sl_assert.o
 .ARM.attributes
                0x00000218       0x3a ./Bootloader/gecko_sdk_4.4.1/platform/common/src/sl_syscalls.o
 .ARM.attributes
                0x00000252       0x3a ./Bootloader/gecko_sdk_4.4.1/platform/common/toolchain/src/sl_memory.o
 .ARM.attributes
                0x0000028c       0x3a ./Bootloader/gecko_sdk_4.4.1/platform/emlib/src/em_cmu.o
 .ARM.attributes
                0x000002c6       0x3a ./Bootloader/gecko_sdk_4.4.1/platform/emlib/src/em_core.o
 .ARM.attributes
                0x00000300       0x3a ./Bootloader/gecko_sdk_4.4.1/platform/emlib/src/em_emu.o
 .ARM.attributes
                0x0000033a       0x3a ./Bootloader/gecko_sdk_4.4.1/platform/emlib/src/em_system.o
 .ARM.attributes
                0x00000374       0x3a ./Bootloader/gecko_sdk_4.4.1/platform/service/device_init/src/sl_device_init_dcdc_s2.o
 .ARM.attributes
                0x000003ae       0x3a ./Bootloader/gecko_sdk_4.4.1/platform/service/device_init/src/sl_device_init_emu_s2.o
 .ARM.attributes
                0x000003e8       0x3a ./Bootloader/gecko_sdk_4.4.1/platform/service/device_init/src/sl_device_init_hfxo_s2.o
 .ARM.attributes
                0x00000422       0x3a ./Bootloader/gecko_sdk_4.4.1/platform/service/device_init/src/sl_device_init_nvic.o
 .ARM.attributes
                0x0000045c       0x3a ./Bootloader/gecko_sdk_4.4.1/platform/service/system/src/sl_system_init.o
 .ARM.attributes
                0x00000496       0x3a ./Bootloader/gecko_sdk_4.4.1/platform/service/system/src/sl_system_process_action.o
 .ARM.attributes
                0x000004d0       0x3a ./gecko_sdk_4.4.1/platform/Device/SiliconLabs/BGM22/Source/startup_bgm22.o
 .ARM.attributes
                0x0000050a       0x3a ./gecko_sdk_4.4.1/platform/common/toolchain/src/sl_memory.o
 .ARM.attributes
                0x00000544       0x38 c:/siliconlabs/simplicitystudio/v5/developer/toolchains/gnu_arm/12.2.rel1_2023.7/bin/../lib/gcc/arm-none-eabi/12.2.1/thumb/v8-m.main+fp/hard\libc_nano.a(libc_a-exit.o)
 .ARM.attributes
                0x0000057c       0x38 c:/siliconlabs/simplicitystudio/v5/developer/toolchains/gnu_arm/12.2.rel1_2023.7/bin/../lib/gcc/arm-none-eabi/12.2.1/thumb/v8-m.main+fp/hard\libc_nano.a(libc_a-findfp.o)
 .ARM.attributes
                0x000005b4       0x38 c:/siliconlabs/simplicitystudio/v5/developer/toolchains/gnu_arm/12.2.rel1_2023.7/bin/../lib/gcc/arm-none-eabi/12.2.1/thumb/v8-m.main+fp/hard\libc_nano.a(libc_a-memset.o)
 .ARM.attributes
                0x000005ec       0x38 c:/siliconlabs/simplicitystudio/v5/developer/toolchains/gnu_arm/12.2.rel1_2023.7/bin/../lib/gcc/arm-none-eabi/12.2.1/thumb/v8-m.main+fp/hard\libc_nano.a(libc_a-init.o)
 .ARM.attributes
                0x00000624       0x38 c:/siliconlabs/simplicitystudio/v5/developer/toolchains/gnu_arm/12.2.rel1_2023.7/bin/../lib/gcc/arm-none-eabi/12.2.1/thumb/v8-m.main+fp/hard/crtend.o
 .ARM.attributes
                0x0000065c       0x26 c:/siliconlabs/simplicitystudio/v5/developer/toolchains/gnu_arm/12.2.rel1_2023.7/bin/../lib/gcc/arm-none-eabi/12.2.1/thumb/v8-m.main+fp/hard/crtn.o

.comment        0x00000000       0x45
 .comment       0x00000000       0x45 ./Bootloader/GNU ARM v12.2.1 - Debug/main.o
                                 0x46 (size before relaxing)
 .comment       0x00000045       0x46 ./Bootloader/SRC/app.o
 .comment       0x00000045       0x46 ./Bootloader/autogen/sl_device_init_clocks.o
 .comment       0x00000045       0x46 ./Bootloader/autogen/sl_event_handler.o
 .comment       0x00000045       0x46 ./Bootloader/gecko_sdk_4.4.1/platform/Device/SiliconLabs/BGM22/Source/startup_bgm22.o
 .comment       0x00000045       0x46 ./Bootloader/gecko_sdk_4.4.1/platform/Device/SiliconLabs/BGM22/Source/system_bgm22.o
 .comment       0x00000045       0x46 ./Bootloader/gecko_sdk_4.4.1/platform/common/src/sl_assert.o
 .comment       0x00000045       0x46 ./Bootloader/gecko_sdk_4.4.1/platform/common/src/sl_syscalls.o
 .comment       0x00000045       0x46 ./Bootloader/gecko_sdk_4.4.1/platform/common/toolchain/src/sl_memory.o
 .comment       0x00000045       0x46 ./Bootloader/gecko_sdk_4.4.1/platform/emlib/src/em_cmu.o
 .comment       0x00000045       0x46 ./Bootloader/gecko_sdk_4.4.1/platform/emlib/src/em_core.o
 .comment       0x00000045       0x46 ./Bootloader/gecko_sdk_4.4.1/platform/emlib/src/em_emu.o
 .comment       0x00000045       0x46 ./Bootloader/gecko_sdk_4.4.1/platform/emlib/src/em_system.o
 .comment       0x00000045       0x46 ./Bootloader/gecko_sdk_4.4.1/platform/service/device_init/src/sl_device_init_dcdc_s2.o
 .comment       0x00000045       0x46 ./Bootloader/gecko_sdk_4.4.1/platform/service/device_init/src/sl_device_init_emu_s2.o
 .comment       0x00000045       0x46 ./Bootloader/gecko_sdk_4.4.1/platform/service/device_init/src/sl_device_init_hfxo_s2.o
 .comment       0x00000045       0x46 ./Bootloader/gecko_sdk_4.4.1/platform/service/device_init/src/sl_device_init_nvic.o
 .comment       0x00000045       0x46 ./Bootloader/gecko_sdk_4.4.1/platform/service/system/src/sl_system_init.o
 .comment       0x00000045       0x46 ./Bootloader/gecko_sdk_4.4.1/platform/service/system/src/sl_system_process_action.o
 .comment       0x00000045       0x46 ./gecko_sdk_4.4.1/platform/Device/SiliconLabs/BGM22/Source/startup_bgm22.o
 .comment       0x00000045       0x46 ./gecko_sdk_4.4.1/platform/common/toolchain/src/sl_memory.o

.debug_line_str
                0x00000000       0xe7
 .debug_line_str
                0x00000000       0xe7 c:/siliconlabs/simplicitystudio/v5/developer/toolchains/gnu_arm/12.2.rel1_2023.7/bin/../lib/gcc/arm-none-eabi/12.2.1/thumb/v8-m.main+fp/hard/crt0.o

.debug_info     0x00000000    0x1515f
 .debug_info    0x00000000       0xa1 ./Bootloader/GNU ARM v12.2.1 - Debug/main.o
 .debug_info    0x000000a1       0x50 ./Bootloader/SRC/app.o
 .debug_info    0x000000f1     0x11e8 ./Bootloader/autogen/sl_device_init_clocks.o
 .debug_info    0x000012d9      0xe38 ./Bootloader/autogen/sl_event_handler.o
 .debug_info    0x00002111      0x3a9 ./Bootloader/gecko_sdk_4.4.1/platform/Device/SiliconLabs/BGM22/Source/startup_bgm22.o
 .debug_info    0x000024ba     0x201d ./Bootloader/gecko_sdk_4.4.1/platform/Device/SiliconLabs/BGM22/Source/system_bgm22.o
 .debug_info    0x000044d7       0x86 ./Bootloader/gecko_sdk_4.4.1/platform/common/src/sl_assert.o
 .debug_info    0x0000455d      0x306 ./Bootloader/gecko_sdk_4.4.1/platform/common/src/sl_syscalls.o
 .debug_info    0x00004863      0x205 ./Bootloader/gecko_sdk_4.4.1/platform/common/toolchain/src/sl_memory.o
 .debug_info    0x00004a68     0x78d0 ./Bootloader/gecko_sdk_4.4.1/platform/emlib/src/em_cmu.o
 .debug_info    0x0000c338     0x13b2 ./Bootloader/gecko_sdk_4.4.1/platform/emlib/src/em_core.o
 .debug_info    0x0000d6ea     0x3b0f ./Bootloader/gecko_sdk_4.4.1/platform/emlib/src/em_emu.o
 .debug_info    0x000111f9     0x1b6a ./Bootloader/gecko_sdk_4.4.1/platform/emlib/src/em_system.o
 .debug_info    0x00012d63      0x2c7 ./Bootloader/gecko_sdk_4.4.1/platform/service/device_init/src/sl_device_init_dcdc_s2.o
 .debug_info    0x0001302a      0x9b5 ./Bootloader/gecko_sdk_4.4.1/platform/service/device_init/src/sl_device_init_emu_s2.o
 .debug_info    0x000139df      0x899 ./Bootloader/gecko_sdk_4.4.1/platform/service/device_init/src/sl_device_init_hfxo_s2.o
 .debug_info    0x00014278      0x7ff ./Bootloader/gecko_sdk_4.4.1/platform/service/device_init/src/sl_device_init_nvic.o
 .debug_info    0x00014a77       0xa7 ./Bootloader/gecko_sdk_4.4.1/platform/service/system/src/sl_system_init.o
 .debug_info    0x00014b1e       0x93 ./Bootloader/gecko_sdk_4.4.1/platform/service/system/src/sl_system_process_action.o
 .debug_info    0x00014bb1      0x3a9 ./gecko_sdk_4.4.1/platform/Device/SiliconLabs/BGM22/Source/startup_bgm22.o
 .debug_info    0x00014f5a      0x205 ./gecko_sdk_4.4.1/platform/common/toolchain/src/sl_memory.o

.debug_abbrev   0x00000000     0x2534
 .debug_abbrev  0x00000000       0x5d ./Bootloader/GNU ARM v12.2.1 - Debug/main.o
 .debug_abbrev  0x0000005d       0x4a ./Bootloader/SRC/app.o
 .debug_abbrev  0x000000a7       0xde ./Bootloader/autogen/sl_device_init_clocks.o
 .debug_abbrev  0x00000185      0x17a ./Bootloader/autogen/sl_event_handler.o
 .debug_abbrev  0x000002ff      0x22e ./Bootloader/gecko_sdk_4.4.1/platform/Device/SiliconLabs/BGM22/Source/startup_bgm22.o
 .debug_abbrev  0x0000052d      0x34d ./Bootloader/gecko_sdk_4.4.1/platform/Device/SiliconLabs/BGM22/Source/system_bgm22.o
 .debug_abbrev  0x0000087a       0x6c ./Bootloader/gecko_sdk_4.4.1/platform/common/src/sl_assert.o
 .debug_abbrev  0x000008e6      0x143 ./Bootloader/gecko_sdk_4.4.1/platform/common/src/sl_syscalls.o
 .debug_abbrev  0x00000a29      0x11e ./Bootloader/gecko_sdk_4.4.1/platform/common/toolchain/src/sl_memory.o
 .debug_abbrev  0x00000b47      0x5cf ./Bootloader/gecko_sdk_4.4.1/platform/emlib/src/em_cmu.o
 .debug_abbrev  0x00001116      0x32f ./Bootloader/gecko_sdk_4.4.1/platform/emlib/src/em_core.o
 .debug_abbrev  0x00001445      0x523 ./Bootloader/gecko_sdk_4.4.1/platform/emlib/src/em_emu.o
 .debug_abbrev  0x00001968      0x2a6 ./Bootloader/gecko_sdk_4.4.1/platform/emlib/src/em_system.o
 .debug_abbrev  0x00001c0e       0xf8 ./Bootloader/gecko_sdk_4.4.1/platform/service/device_init/src/sl_device_init_dcdc_s2.o
 .debug_abbrev  0x00001d06      0x149 ./Bootloader/gecko_sdk_4.4.1/platform/service/device_init/src/sl_device_init_emu_s2.o
 .debug_abbrev  0x00001e4f      0x196 ./Bootloader/gecko_sdk_4.4.1/platform/service/device_init/src/sl_device_init_hfxo_s2.o
 .debug_abbrev  0x00001fe5      0x14b ./Bootloader/gecko_sdk_4.4.1/platform/service/device_init/src/sl_device_init_nvic.o
 .debug_abbrev  0x00002130       0x5c ./Bootloader/gecko_sdk_4.4.1/platform/service/system/src/sl_system_init.o
 .debug_abbrev  0x0000218c       0x5c ./Bootloader/gecko_sdk_4.4.1/platform/service/system/src/sl_system_process_action.o
 .debug_abbrev  0x000021e8      0x22e ./gecko_sdk_4.4.1/platform/Device/SiliconLabs/BGM22/Source/startup_bgm22.o
 .debug_abbrev  0x00002416      0x11e ./gecko_sdk_4.4.1/platform/common/toolchain/src/sl_memory.o

.debug_loc      0x00000000     0x542f
 .debug_loc     0x00000000       0x20 ./Bootloader/GNU ARM v12.2.1 - Debug/main.o
 .debug_loc     0x00000020       0x20 ./Bootloader/autogen/sl_device_init_clocks.o
 .debug_loc     0x00000040       0x49 ./Bootloader/autogen/sl_event_handler.o
 .debug_loc     0x00000089       0x8e ./Bootloader/gecko_sdk_4.4.1/platform/Device/SiliconLabs/BGM22/Source/startup_bgm22.o
 .debug_loc     0x00000117      0x22a ./Bootloader/gecko_sdk_4.4.1/platform/Device/SiliconLabs/BGM22/Source/system_bgm22.o
 .debug_loc     0x00000341       0x2a ./Bootloader/gecko_sdk_4.4.1/platform/common/src/sl_assert.o
 .debug_loc     0x0000036b      0x118 ./Bootloader/gecko_sdk_4.4.1/platform/common/src/sl_syscalls.o
 .debug_loc     0x00000483       0xa9 ./Bootloader/gecko_sdk_4.4.1/platform/common/toolchain/src/sl_memory.o
 .debug_loc     0x0000052c     0x382a ./Bootloader/gecko_sdk_4.4.1/platform/emlib/src/em_cmu.o
 .debug_loc     0x00003d56      0x926 ./Bootloader/gecko_sdk_4.4.1/platform/emlib/src/em_core.o
 .debug_loc     0x0000467c      0x950 ./Bootloader/gecko_sdk_4.4.1/platform/emlib/src/em_emu.o
 .debug_loc     0x00004fcc      0x146 ./Bootloader/gecko_sdk_4.4.1/platform/emlib/src/em_system.o
 .debug_loc     0x00005112       0x2c ./Bootloader/gecko_sdk_4.4.1/platform/service/device_init/src/sl_device_init_dcdc_s2.o
 .debug_loc     0x0000513e       0x2c ./Bootloader/gecko_sdk_4.4.1/platform/service/device_init/src/sl_device_init_emu_s2.o
 .debug_loc     0x0000516a       0xbd ./Bootloader/gecko_sdk_4.4.1/platform/service/device_init/src/sl_device_init_hfxo_s2.o
 .debug_loc     0x00005227       0x79 ./Bootloader/gecko_sdk_4.4.1/platform/service/device_init/src/sl_device_init_nvic.o
 .debug_loc     0x000052a0       0x2c ./Bootloader/gecko_sdk_4.4.1/platform/service/system/src/sl_system_init.o
 .debug_loc     0x000052cc       0x2c ./Bootloader/gecko_sdk_4.4.1/platform/service/system/src/sl_system_process_action.o
 .debug_loc     0x000052f8       0x8e ./gecko_sdk_4.4.1/platform/Device/SiliconLabs/BGM22/Source/startup_bgm22.o
 .debug_loc     0x00005386       0xa9 ./gecko_sdk_4.4.1/platform/common/toolchain/src/sl_memory.o

.debug_aranges  0x00000000      0x7a8
 .debug_aranges
                0x00000000       0x20 ./Bootloader/GNU ARM v12.2.1 - Debug/main.o
 .debug_aranges
                0x00000020       0x28 ./Bootloader/SRC/app.o
 .debug_aranges
                0x00000048       0x20 ./Bootloader/autogen/sl_device_init_clocks.o
 .debug_aranges
                0x00000068       0x60 ./Bootloader/autogen/sl_event_handler.o
 .debug_aranges
                0x000000c8       0x30 ./Bootloader/gecko_sdk_4.4.1/platform/Device/SiliconLabs/BGM22/Source/startup_bgm22.o
 .debug_aranges
                0x000000f8       0x90 ./Bootloader/gecko_sdk_4.4.1/platform/Device/SiliconLabs/BGM22/Source/system_bgm22.o
 .debug_aranges
                0x00000188       0x20 ./Bootloader/gecko_sdk_4.4.1/platform/common/src/sl_assert.o
 .debug_aranges
                0x000001a8       0x68 ./Bootloader/gecko_sdk_4.4.1/platform/common/src/sl_syscalls.o
 .debug_aranges
                0x00000210       0x30 ./Bootloader/gecko_sdk_4.4.1/platform/common/toolchain/src/sl_memory.o
 .debug_aranges
                0x00000240      0x1b8 ./Bootloader/gecko_sdk_4.4.1/platform/emlib/src/em_cmu.o
 .debug_aranges
                0x000003f8       0xe8 ./Bootloader/gecko_sdk_4.4.1/platform/emlib/src/em_core.o
 .debug_aranges
                0x000004e0      0x130 ./Bootloader/gecko_sdk_4.4.1/platform/emlib/src/em_emu.o
 .debug_aranges
                0x00000610       0x78 ./Bootloader/gecko_sdk_4.4.1/platform/emlib/src/em_system.o
 .debug_aranges
                0x00000688       0x20 ./Bootloader/gecko_sdk_4.4.1/platform/service/device_init/src/sl_device_init_dcdc_s2.o
 .debug_aranges
                0x000006a8       0x20 ./Bootloader/gecko_sdk_4.4.1/platform/service/device_init/src/sl_device_init_emu_s2.o
 .debug_aranges
                0x000006c8       0x20 ./Bootloader/gecko_sdk_4.4.1/platform/service/device_init/src/sl_device_init_hfxo_s2.o
 .debug_aranges
                0x000006e8       0x20 ./Bootloader/gecko_sdk_4.4.1/platform/service/device_init/src/sl_device_init_nvic.o
 .debug_aranges
                0x00000708       0x20 ./Bootloader/gecko_sdk_4.4.1/platform/service/system/src/sl_system_init.o
 .debug_aranges
                0x00000728       0x20 ./Bootloader/gecko_sdk_4.4.1/platform/service/system/src/sl_system_process_action.o
 .debug_aranges
                0x00000748       0x30 ./gecko_sdk_4.4.1/platform/Device/SiliconLabs/BGM22/Source/startup_bgm22.o
 .debug_aranges
                0x00000778       0x30 ./gecko_sdk_4.4.1/platform/common/toolchain/src/sl_memory.o

.debug_ranges   0x00000000      0xb90
 .debug_ranges  0x00000000       0x10 ./Bootloader/GNU ARM v12.2.1 - Debug/main.o
 .debug_ranges  0x00000010       0x18 ./Bootloader/SRC/app.o
 .debug_ranges  0x00000028       0x10 ./Bootloader/autogen/sl_device_init_clocks.o
 .debug_ranges  0x00000038       0x50 ./Bootloader/autogen/sl_event_handler.o
 .debug_ranges  0x00000088       0x88 ./Bootloader/gecko_sdk_4.4.1/platform/Device/SiliconLabs/BGM22/Source/startup_bgm22.o
 .debug_ranges  0x00000110       0x98 ./Bootloader/gecko_sdk_4.4.1/platform/Device/SiliconLabs/BGM22/Source/system_bgm22.o
 .debug_ranges  0x000001a8       0x10 ./Bootloader/gecko_sdk_4.4.1/platform/common/src/sl_assert.o
 .debug_ranges  0x000001b8       0x58 ./Bootloader/gecko_sdk_4.4.1/platform/common/src/sl_syscalls.o
 .debug_ranges  0x00000210       0x20 ./Bootloader/gecko_sdk_4.4.1/platform/common/toolchain/src/sl_memory.o
 .debug_ranges  0x00000230      0x338 ./Bootloader/gecko_sdk_4.4.1/platform/emlib/src/em_cmu.o
 .debug_ranges  0x00000568      0x1a0 ./Bootloader/gecko_sdk_4.4.1/platform/emlib/src/em_core.o
 .debug_ranges  0x00000708      0x2b8 ./Bootloader/gecko_sdk_4.4.1/platform/emlib/src/em_emu.o
 .debug_ranges  0x000009c0       0x80 ./Bootloader/gecko_sdk_4.4.1/platform/emlib/src/em_system.o
 .debug_ranges  0x00000a40       0x10 ./Bootloader/gecko_sdk_4.4.1/platform/service/device_init/src/sl_device_init_dcdc_s2.o
 .debug_ranges  0x00000a50       0x10 ./Bootloader/gecko_sdk_4.4.1/platform/service/device_init/src/sl_device_init_emu_s2.o
 .debug_ranges  0x00000a60       0x10 ./Bootloader/gecko_sdk_4.4.1/platform/service/device_init/src/sl_device_init_hfxo_s2.o
 .debug_ranges  0x00000a70       0x58 ./Bootloader/gecko_sdk_4.4.1/platform/service/device_init/src/sl_device_init_nvic.o
 .debug_ranges  0x00000ac8       0x10 ./Bootloader/gecko_sdk_4.4.1/platform/service/system/src/sl_system_init.o
 .debug_ranges  0x00000ad8       0x10 ./Bootloader/gecko_sdk_4.4.1/platform/service/system/src/sl_system_process_action.o
 .debug_ranges  0x00000ae8       0x88 ./gecko_sdk_4.4.1/platform/Device/SiliconLabs/BGM22/Source/startup_bgm22.o
 .debug_ranges  0x00000b70       0x20 ./gecko_sdk_4.4.1/platform/common/toolchain/src/sl_memory.o

.debug_line     0x00000000     0x7346
 .debug_line    0x00000000      0x15f ./Bootloader/GNU ARM v12.2.1 - Debug/main.o
 .debug_line    0x0000015f       0x5b ./Bootloader/SRC/app.o
 .debug_line    0x000001ba      0x2fa ./Bootloader/autogen/sl_device_init_clocks.o
 .debug_line    0x000004b4      0x49e ./Bootloader/autogen/sl_event_handler.o
 .debug_line    0x00000952      0x335 ./Bootloader/gecko_sdk_4.4.1/platform/Device/SiliconLabs/BGM22/Source/startup_bgm22.o
 .debug_line    0x00000c87      0x593 ./Bootloader/gecko_sdk_4.4.1/platform/Device/SiliconLabs/BGM22/Source/system_bgm22.o
 .debug_line    0x0000121a       0x90 ./Bootloader/gecko_sdk_4.4.1/platform/common/src/sl_assert.o
 .debug_line    0x000012aa      0x190 ./Bootloader/gecko_sdk_4.4.1/platform/common/src/sl_syscalls.o
 .debug_line    0x0000143a      0x2f6 ./Bootloader/gecko_sdk_4.4.1/platform/common/toolchain/src/sl_memory.o
 .debug_line    0x00001730     0x29a6 ./Bootloader/gecko_sdk_4.4.1/platform/emlib/src/em_cmu.o
 .debug_line    0x000040d6      0xab9 ./Bootloader/gecko_sdk_4.4.1/platform/emlib/src/em_core.o
 .debug_line    0x00004b8f      0xecf ./Bootloader/gecko_sdk_4.4.1/platform/emlib/src/em_emu.o
 .debug_line    0x00005a5e      0x4be ./Bootloader/gecko_sdk_4.4.1/platform/emlib/src/em_system.o
 .debug_line    0x00005f1c      0x270 ./Bootloader/gecko_sdk_4.4.1/platform/service/device_init/src/sl_device_init_dcdc_s2.o
 .debug_line    0x0000618c      0x30c ./Bootloader/gecko_sdk_4.4.1/platform/service/device_init/src/sl_device_init_emu_s2.o
 .debug_line    0x00006498      0x358 ./Bootloader/gecko_sdk_4.4.1/platform/service/device_init/src/sl_device_init_hfxo_s2.o
 .debug_line    0x000067f0      0x370 ./Bootloader/gecko_sdk_4.4.1/platform/service/device_init/src/sl_device_init_nvic.o
 .debug_line    0x00006b60       0xe4 ./Bootloader/gecko_sdk_4.4.1/platform/service/system/src/sl_system_init.o
 .debug_line    0x00006c44       0xed ./Bootloader/gecko_sdk_4.4.1/platform/service/system/src/sl_system_process_action.o
 .debug_line    0x00006d31      0x32a ./gecko_sdk_4.4.1/platform/Device/SiliconLabs/BGM22/Source/startup_bgm22.o
 .debug_line    0x0000705b      0x2eb ./gecko_sdk_4.4.1/platform/common/toolchain/src/sl_memory.o

.debug_str      0x00000000     0x5a23
 .debug_str     0x00000000      0x194 ./Bootloader/GNU ARM v12.2.1 - Debug/main.o
                                0x1b0 (size before relaxing)
 .debug_str     0x00000194       0x18 ./Bootloader/SRC/app.o
                                0x16e (size before relaxing)
 .debug_str     0x000001ac      0xa18 ./Bootloader/autogen/sl_device_init_clocks.o
                                0xc54 (size before relaxing)
 .debug_str     0x00000bc4      0x16b ./Bootloader/autogen/sl_event_handler.o
                                0xc79 (size before relaxing)
 .debug_str     0x00000d2f      0x1ac ./Bootloader/gecko_sdk_4.4.1/platform/Device/SiliconLabs/BGM22/Source/startup_bgm22.o
                                0x385 (size before relaxing)
 .debug_str     0x00000edb      0x9da ./Bootloader/gecko_sdk_4.4.1/platform/Device/SiliconLabs/BGM22/Source/system_bgm22.o
                               0x1546 (size before relaxing)
 .debug_str     0x000018b5       0x52 ./Bootloader/gecko_sdk_4.4.1/platform/common/src/sl_assert.o
                                0x191 (size before relaxing)
 .debug_str     0x00001907       0x9d ./Bootloader/gecko_sdk_4.4.1/platform/common/src/sl_syscalls.o
                                0x271 (size before relaxing)
 .debug_str     0x000019a4       0xe9 ./Bootloader/gecko_sdk_4.4.1/platform/common/toolchain/src/sl_memory.o
                                0x2cb (size before relaxing)
 .debug_str     0x00001a8d     0x2796 ./Bootloader/gecko_sdk_4.4.1/platform/emlib/src/em_cmu.o
                               0x35ae (size before relaxing)
 .debug_str     0x00004223      0x330 ./Bootloader/gecko_sdk_4.4.1/platform/emlib/src/em_core.o
                                0xa8f (size before relaxing)
 .debug_str     0x00004553      0xa1c ./Bootloader/gecko_sdk_4.4.1/platform/emlib/src/em_emu.o
                               0x23e8 (size before relaxing)
 .debug_str     0x00004f6f      0x333 ./Bootloader/gecko_sdk_4.4.1/platform/emlib/src/em_system.o
                               0x13a3 (size before relaxing)
 .debug_str     0x000052a2       0x58 ./Bootloader/gecko_sdk_4.4.1/platform/service/device_init/src/sl_device_init_dcdc_s2.o
                                0x643 (size before relaxing)
 .debug_str     0x000052fa       0x60 ./Bootloader/gecko_sdk_4.4.1/platform/service/device_init/src/sl_device_init_emu_s2.o
                                0x823 (size before relaxing)
 .debug_str     0x0000535a      0x52f ./Bootloader/gecko_sdk_4.4.1/platform/service/device_init/src/sl_device_init_hfxo_s2.o
                                0xbe7 (size before relaxing)
 .debug_str     0x00005889       0x71 ./Bootloader/gecko_sdk_4.4.1/platform/service/device_init/src/sl_device_init_nvic.o
                                0x785 (size before relaxing)
 .debug_str     0x000058fa       0x4b ./Bootloader/gecko_sdk_4.4.1/platform/service/system/src/sl_system_init.o
                                0x1e7 (size before relaxing)
 .debug_str     0x00005945       0x55 ./Bootloader/gecko_sdk_4.4.1/platform/service/system/src/sl_system_process_action.o
                                0x214 (size before relaxing)
 .debug_str     0x0000599a       0x4c ./gecko_sdk_4.4.1/platform/Device/SiliconLabs/BGM22/Source/startup_bgm22.o
                                0x37a (size before relaxing)
 .debug_str     0x000059e6       0x3d ./gecko_sdk_4.4.1/platform/common/toolchain/src/sl_memory.o
                                0x2c0 (size before relaxing)

.debug_frame    0x00000000     0x125c
 .debug_frame   0x00000000       0x28 ./Bootloader/GNU ARM v12.2.1 - Debug/main.o
 .debug_frame   0x00000028       0x30 ./Bootloader/SRC/app.o
 .debug_frame   0x00000058       0x28 ./Bootloader/autogen/sl_device_init_clocks.o
 .debug_frame   0x00000080       0xac ./Bootloader/autogen/sl_event_handler.o
 .debug_frame   0x0000012c       0x48 ./Bootloader/gecko_sdk_4.4.1/platform/Device/SiliconLabs/BGM22/Source/startup_bgm22.o
 .debug_frame   0x00000174      0x118 ./Bootloader/gecko_sdk_4.4.1/platform/Device/SiliconLabs/BGM22/Source/system_bgm22.o
 .debug_frame   0x0000028c       0x20 ./Bootloader/gecko_sdk_4.4.1/platform/common/src/sl_assert.o
 .debug_frame   0x000002ac       0xb0 ./Bootloader/gecko_sdk_4.4.1/platform/common/src/sl_syscalls.o
 .debug_frame   0x0000035c       0x40 ./Bootloader/gecko_sdk_4.4.1/platform/common/toolchain/src/sl_memory.o
 .debug_frame   0x0000039c      0x55c ./Bootloader/gecko_sdk_4.4.1/platform/emlib/src/em_cmu.o
 .debug_frame   0x000008f8      0x240 ./Bootloader/gecko_sdk_4.4.1/platform/emlib/src/em_core.o
 .debug_frame   0x00000b38      0x304 ./Bootloader/gecko_sdk_4.4.1/platform/emlib/src/em_emu.o
 .debug_frame   0x00000e3c       0xd8 ./Bootloader/gecko_sdk_4.4.1/platform/emlib/src/em_system.o
 .debug_frame   0x00000f14       0x28 ./Bootloader/gecko_sdk_4.4.1/platform/service/device_init/src/sl_device_init_dcdc_s2.o
 .debug_frame   0x00000f3c       0x2c ./Bootloader/gecko_sdk_4.4.1/platform/service/device_init/src/sl_device_init_emu_s2.o
 .debug_frame   0x00000f68       0x34 ./Bootloader/gecko_sdk_4.4.1/platform/service/device_init/src/sl_device_init_hfxo_s2.o
 .debug_frame   0x00000f9c       0x28 ./Bootloader/gecko_sdk_4.4.1/platform/service/device_init/src/sl_device_init_nvic.o
 .debug_frame   0x00000fc4       0x2c ./Bootloader/gecko_sdk_4.4.1/platform/service/system/src/sl_system_init.o
 .debug_frame   0x00000ff0       0x2c ./Bootloader/gecko_sdk_4.4.1/platform/service/system/src/sl_system_process_action.o
 .debug_frame   0x0000101c       0x48 ./gecko_sdk_4.4.1/platform/Device/SiliconLabs/BGM22/Source/startup_bgm22.o
 .debug_frame   0x00001064       0x40 ./gecko_sdk_4.4.1/platform/common/toolchain/src/sl_memory.o
 .debug_frame   0x000010a4       0x28 c:/siliconlabs/simplicitystudio/v5/developer/toolchains/gnu_arm/12.2.rel1_2023.7/bin/../lib/gcc/arm-none-eabi/12.2.1/thumb/v8-m.main+fp/hard\libc_nano.a(libc_a-exit.o)
 .debug_frame   0x000010cc      0x144 c:/siliconlabs/simplicitystudio/v5/developer/toolchains/gnu_arm/12.2.rel1_2023.7/bin/../lib/gcc/arm-none-eabi/12.2.1/thumb/v8-m.main+fp/hard\libc_nano.a(libc_a-findfp.o)
 .debug_frame   0x00001210       0x20 c:/siliconlabs/simplicitystudio/v5/developer/toolchains/gnu_arm/12.2.rel1_2023.7/bin/../lib/gcc/arm-none-eabi/12.2.1/thumb/v8-m.main+fp/hard\libc_nano.a(libc_a-memset.o)
 .debug_frame   0x00001230       0x2c c:/siliconlabs/simplicitystudio/v5/developer/toolchains/gnu_arm/12.2.rel1_2023.7/bin/../lib/gcc/arm-none-eabi/12.2.1/thumb/v8-m.main+fp/hard\libc_nano.a(libc_a-init.o)
